Component: ARM Compiler 5.06 update 2 (build 183) Tool: armlink [4d35b7]

==============================================================================

Section Cross References

    startup_cms32f030x.o(STACK) refers (Special) to heapauxi.o(.text) for __use_two_region_memory
    startup_cms32f030x.o(HEAP) refers (Special) to heapauxi.o(.text) for __use_two_region_memory
    startup_cms32f030x.o(RESET) refers (Special) to heapauxi.o(.text) for __use_two_region_memory
    startup_cms32f030x.o(RESET) refers to startup_cms32f030x.o(STACK) for __initial_sp
    startup_cms32f030x.o(RESET) refers to startup_cms32f030x.o(.text) for Reset_Handler
    startup_cms32f030x.o(RESET) refers to cms32f030x_it.o(i.NMI_Handler) for NMI_Handler
    startup_cms32f030x.o(RESET) refers to cms32f030x_it.o(i.HardFault_Handler) for HardFault_Handler
    startup_cms32f030x.o(RESET) refers to cms32f030x_it.o(i.SVC_Handler) for SVC_Handler
    startup_cms32f030x.o(RESET) refers to cms32f030x_it.o(i.PendSV_Handler) for PendSV_Handler
    startup_cms32f030x.o(RESET) refers to cms32f030x_it.o(i.GPIO2_IRQHandler) for GPIO2_IRQHandler
    startup_cms32f030x.o(.text) refers (Special) to heapauxi.o(.text) for __use_two_region_memory
    startup_cms32f030x.o(.text) refers to system_cms32f030x.o(i.SystemInit) for SystemInit
    startup_cms32f030x.o(.text) refers to __main.o(!!!main) for __main
    startup_cms32f030x.o(.text) refers to startup_cms32f030x.o(HEAP) for Heap_Mem
    startup_cms32f030x.o(.text) refers to startup_cms32f030x.o(STACK) for Stack_Mem
    system_cms32f030x.o(i.SystemCoreClockUpdate) refers to aeabi_sdiv.o(.text) for __aeabi_uidivmod
    system_cms32f030x.o(i.SystemCoreClockUpdate) refers to system_cms32f030x.o(.data) for SystemCoreClock
    system_cms32f030x.o(i.SystemInit) refers to system_cms32f030x.o(i.SystemCoreClockUpdate) for SystemCoreClockUpdate
    cms32f030x_epwm.o(i.EPWM_ConfigOutputChannel) refers to aeabi_sdiv.o(.text) for __aeabi_uidivmod
    cms32f030x_epwm.o(i.EPWM_ConfigOutputChannel) refers to system_cms32f030x.o(.data) for SystemAPBClock
    cms32f030x_fmc.o(i.FMC_ErasAll) refers to cms32f030x_fmc.o(i.FMC_UnLock) for FMC_UnLock
    cms32f030x_fmc.o(i.FMC_ErasAll) refers to cms32f030x_fmc.o(i.FMC_Lock) for FMC_Lock
    cms32f030x_fmc.o(i.FMC_ErasPage) refers to cms32f030x_fmc.o(i.FMC_UnLock) for FMC_UnLock
    cms32f030x_fmc.o(i.FMC_ErasPage) refers to cms32f030x_fmc.o(i.FMC_Lock) for FMC_Lock
    cms32f030x_fmc.o(i.FMC_ReadData) refers to cms32f030x_fmc.o(i.FMC_UnLock) for FMC_UnLock
    cms32f030x_fmc.o(i.FMC_ReadData) refers to cms32f030x_fmc.o(i.FMC_Lock) for FMC_Lock
    cms32f030x_fmc.o(i.FMC_SetKey) refers to cms32f030x_fmc.o(i.FMC_UnLock) for FMC_UnLock
    cms32f030x_fmc.o(i.FMC_SetKey) refers to cms32f030x_fmc.o(i.FMC_Lock) for FMC_Lock
    cms32f030x_fmc.o(i.FMC_WriteData) refers to cms32f030x_fmc.o(i.FMC_UnLock) for FMC_UnLock
    cms32f030x_fmc.o(i.FMC_WriteData) refers to cms32f030x_fmc.o(i.FMC_Lock) for FMC_Lock
    cms32f030x_iic.o(i.I2C_ClkSet) refers to aeabi_sdiv.o(.text) for __aeabi_uidivmod
    cms32f030x_iic.o(i.I2C_ClkSet) refers to system_cms32f030x.o(.data) for SystemAPBClock
    cms32f030x_spi.o(i.SPI_SetClockFreq) refers to aeabi_sdiv.o(.text) for __aeabi_uidivmod
    cms32f030x_spi.o(i.SPI_SetClockFreq) refers to system_cms32f030x.o(.data) for SystemAPBClock
    cms32f030x_tim.o(i.TIM_DeInit) refers to cms32f030x_syscon.o(i.SYS_APBPeriphClockCmd) for SYS_APBPeriphClockCmd
    cms32f030x_uart.o(i.UART_GetITStatus) refers to cms32f030x_uart.o(i.__ARM_common_switch8) for __ARM_common_switch8
    cms32f030x_uart.o(i.UART_Init) refers to system_cms32f030x.o(i.SystemCoreClockUpdate) for SystemCoreClockUpdate
    cms32f030x_uart.o(i.UART_Init) refers to aeabi_sdiv.o(.text) for __aeabi_uidivmod
    cms32f030x_uart.o(i.UART_Init) refers to system_cms32f030x.o(.data) for SystemAPBClock
    cms32f030x_wdt.o(i.WDT_ClearITPendingBit) refers to cms32f030x_wdt.o(i.WDT_Unlock) for WDT_Unlock
    cms32f030x_wdt.o(i.WDT_ClearITPendingBit) refers to cms32f030x_wdt.o(i.WDT_Lock) for WDT_Lock
    cms32f030x_wdt.o(i.WDT_DeInit) refers to cms32f030x_wdt.o(i.WDT_Unlock) for WDT_Unlock
    cms32f030x_wdt.o(i.WDT_DeInit) refers to cms32f030x_wdt.o(i.WDT_Lock) for WDT_Lock
    cms32f030x_wdt.o(i.WDT_DebugStop) refers to cms32f030x_wdt.o(i.WDT_Unlock) for WDT_Unlock
    cms32f030x_wdt.o(i.WDT_DebugStop) refers to cms32f030x_wdt.o(i.WDT_Lock) for WDT_Lock
    cms32f030x_wdt.o(i.WDT_ITConfig) refers to cms32f030x_wdt.o(i.WDT_Unlock) for WDT_Unlock
    cms32f030x_wdt.o(i.WDT_ITConfig) refers to cms32f030x_wdt.o(i.WDT_Lock) for WDT_Lock
    cms32f030x_wdt.o(i.WDT_Init) refers to cms32f030x_wdt.o(i.WDT_Unlock) for WDT_Unlock
    cms32f030x_wdt.o(i.WDT_Init) refers to cms32f030x_wdt.o(i.WDT_Lock) for WDT_Lock
    cms32f030x_wdt.o(i.WDT_SetCounter) refers to cms32f030x_wdt.o(i.WDT_Unlock) for WDT_Unlock
    cms32f030x_wdt.o(i.WDT_SetCounter) refers to cms32f030x_wdt.o(i.WDT_Lock) for WDT_Lock
    cms32f030x_wdt.o(i.WDT_SetEnableReset) refers to cms32f030x_wdt.o(i.WDT_Unlock) for WDT_Unlock
    cms32f030x_wdt.o(i.WDT_SetEnableReset) refers to cms32f030x_wdt.o(i.WDT_Lock) for WDT_Lock
    cms32f030x_wdt.o(i.WDT_SetPrescaler) refers to cms32f030x_wdt.o(i.WDT_Unlock) for WDT_Unlock
    cms32f030x_wdt.o(i.WDT_SetPrescaler) refers to cms32f030x_wdt.o(i.WDT_Lock) for WDT_Lock
    retarget.o(.rev16_text) refers (Special) to use_no_semi.o(.text) for __use_no_semihosting_swi
    retarget.o(.revsh_text) refers (Special) to use_no_semi.o(.text) for __use_no_semihosting_swi
    retarget.o(i._sys_exit) refers (Special) to use_no_semi.o(.text) for __use_no_semihosting_swi
    retarget.o(i._ttywrch) refers (Special) to use_no_semi.o(.text) for __use_no_semihosting_swi
    retarget.o(i.ferror) refers (Special) to use_no_semi.o(.text) for __use_no_semihosting_swi
    retarget.o(i.fgetc) refers (Special) to use_no_semi.o(.text) for __use_no_semihosting_swi
    retarget.o(i.fputc) refers (Special) to use_no_semi.o(.text) for __use_no_semihosting_swi
    retarget.o(.data) refers (Special) to use_no_semi.o(.text) for __use_no_semihosting_swi
    main.o(i.main) refers to main.o(i.Delay) for Delay
    main.o(i.main) refers to cms32f030x_syscon.o(i.SYS_HSIConfig) for SYS_HSIConfig
    main.o(i.main) refers to system_cms32f030x.o(i.SystemCoreClockUpdate) for SystemCoreClockUpdate
    main.o(i.main) refers to main.o(i.test_gpio) for test_gpio
    main.o(i.main) refers to cms32f030x_syscon.o(i.SYS_IOPConfig) for SYS_IOPConfig
    main.o(i.main) refers to hal_spi.o(i.ble_24g_spi_pin_init) for ble_24g_spi_pin_init
    main.o(i.main) refers to hal_irq.o(i.ble_24g_pkt_irq_pin_init) for ble_24g_pkt_irq_pin_init
    main.o(i.main) refers to hal_irq.o(i.ble_24g_fifo_irq_pin_init) for ble_24g_fifo_irq_pin_init
    main.o(i.test_gpio) refers to cms32f030x_gpio.o(i.GPIO_Init) for GPIO_Init
    main.o(i.test_gpio) refers to cms32f030x_gpio.o(i.GPIO_SetBits) for GPIO_SetBits
    cms32f030x_it.o(i.GPIO2_IRQHandler) refers to cms32f030x_gpio.o(i.GPIO_GetITSource) for GPIO_GetITSource
    cms32f030x_it.o(i.GPIO2_IRQHandler) refers to cms32f030x_gpio.o(i.GPIO_ReadInputDataBit) for GPIO_ReadInputDataBit
    cms32f030x_it.o(i.GPIO2_IRQHandler) refers to cms32f030x_gpio.o(i.GPIO_ITClear) for GPIO_ITClear
    hal_irq.o(i.ble_24g_fifo_irq_pin_init) refers to cms32f030x_gpio.o(i.GPIO_StructInit) for GPIO_StructInit
    hal_irq.o(i.ble_24g_fifo_irq_pin_init) refers to cms32f030x_gpio.o(i.GPIO_Init) for GPIO_Init
    hal_irq.o(i.ble_24g_fifo_irq_pin_init) refers to cms32f030x_gpio.o(i.GPIO_ITConfig) for GPIO_ITConfig
    hal_irq.o(i.ble_24g_fifo_irq_pin_init) refers to cms32f030x_gpio.o(i.GPIO_ITCmd) for GPIO_ITCmd
    hal_irq.o(i.ble_24g_fifo_irq_pin_init) refers to hal_irq.o(i.NVIC_ClearPendingIRQ) for NVIC_ClearPendingIRQ
    hal_irq.o(i.ble_24g_fifo_irq_pin_init) refers to hal_irq.o(i.NVIC_EnableIRQ) for NVIC_EnableIRQ
    hal_irq.o(i.ble_24g_pkt_irq_pin_init) refers to cms32f030x_gpio.o(i.GPIO_StructInit) for GPIO_StructInit
    hal_irq.o(i.ble_24g_pkt_irq_pin_init) refers to cms32f030x_gpio.o(i.GPIO_Init) for GPIO_Init
    hal_irq.o(i.ble_24g_pkt_irq_pin_init) refers to cms32f030x_gpio.o(i.GPIO_ITConfig) for GPIO_ITConfig
    hal_irq.o(i.ble_24g_pkt_irq_pin_init) refers to cms32f030x_gpio.o(i.GPIO_ITCmd) for GPIO_ITCmd
    hal_irq.o(i.ble_24g_pkt_irq_pin_init) refers to hal_irq.o(i.NVIC_ClearPendingIRQ) for NVIC_ClearPendingIRQ
    hal_irq.o(i.ble_24g_pkt_irq_pin_init) refers to hal_irq.o(i.NVIC_EnableIRQ) for NVIC_EnableIRQ
    hal_spi.o(i.RF_ReadBuf) refers to hal_spi.o(i.SPI_CS_Enable_) for SPI_CS_Enable_
    hal_spi.o(i.RF_ReadBuf) refers to hal_spi.o(i.SPI_WriteRead) for SPI_WriteRead
    hal_spi.o(i.RF_ReadBuf) refers to hal_spi.o(i.SPI_CS_Disable_) for SPI_CS_Disable_
    hal_spi.o(i.RF_WriteBuf) refers to hal_spi.o(i.SPI_CS_Enable_) for SPI_CS_Enable_
    hal_spi.o(i.RF_WriteBuf) refers to hal_spi.o(i.SPI_WriteRead) for SPI_WriteRead
    hal_spi.o(i.RF_WriteBuf) refers to hal_spi.o(i.SPI_CS_Disable_) for SPI_CS_Disable_
    hal_spi.o(i.SPI_BLE_Chip_Disable) refers to cms32f030x_gpio.o(i.GPIO_ResetBits) for GPIO_ResetBits
    hal_spi.o(i.SPI_BLE_Chip_Enable) refers to cms32f030x_gpio.o(i.GPIO_SetBits) for GPIO_SetBits
    hal_spi.o(i.SPI_CS_Disable_) refers to cms32f030x_spi.o(i.SPI_SSOutputCmd) for SPI_SSOutputCmd
    hal_spi.o(i.SPI_CS_Enable_) refers to cms32f030x_spi.o(i.SPI_SSOutputCmd) for SPI_SSOutputCmd
    hal_spi.o(i.SPI_Read_Reg) refers to hal_spi.o(i.SPI_CS_Enable_) for SPI_CS_Enable_
    hal_spi.o(i.SPI_Read_Reg) refers to hal_spi.o(i.SPI_WriteRead) for SPI_WriteRead
    hal_spi.o(i.SPI_Read_Reg) refers to hal_spi.o(i.SPI_CS_Disable_) for SPI_CS_Disable_
    hal_spi.o(i.SPI_Write_Reg) refers to hal_spi.o(i.SPI_CS_Enable_) for SPI_CS_Enable_
    hal_spi.o(i.SPI_Write_Reg) refers to hal_spi.o(i.SPI_WriteRead) for SPI_WriteRead
    hal_spi.o(i.SPI_Write_Reg) refers to hal_spi.o(i.SPI_CS_Disable_) for SPI_CS_Disable_
    hal_spi.o(i.ble_24g_spi_pin_init) refers to cms32f030x_syscon.o(i.SYS_IOPConfig) for SYS_IOPConfig
    hal_spi.o(i.ble_24g_spi_pin_init) refers to cms32f030x_spi.o(i.SPI_DeInit) for SPI_DeInit
    hal_spi.o(i.ble_24g_spi_pin_init) refers to cms32f030x_syscon.o(i.SYS_APBPeriphClockCmd) for SYS_APBPeriphClockCmd
    hal_spi.o(i.ble_24g_spi_pin_init) refers to cms32f030x_spi.o(i.SPI_StructInit) for SPI_StructInit
    hal_spi.o(i.ble_24g_spi_pin_init) refers to cms32f030x_spi.o(i.SPI_Init) for SPI_Init
    hal_spi.o(i.ble_24g_spi_pin_init) refers to cms32f030x_gpio.o(i.GPIO_StructInit) for GPIO_StructInit
    hal_spi.o(i.ble_24g_spi_pin_init) refers to cms32f030x_gpio.o(i.GPIO_Init) for GPIO_Init
    hal_spi.o(i.ble_24g_spi_pin_init) refers to cms32f030x_gpio.o(i.GPIO_SetBits) for GPIO_SetBits
    hal_spi.o(i.ble_24g_spi_pin_init) refers to cms32f030x_spi.o(i.SPI_SetClockFreq) for SPI_SetClockFreq
    hal_spi.o(i.ble_24g_spi_pin_init) refers to cms32f030x_spi.o(i.SPI_NSSInternalSoftwareConfig) for SPI_NSSInternalSoftwareConfig
    hal_spi.o(i.ble_24g_spi_pin_init) refers to cms32f030x_spi.o(i.SPI_Cmd) for SPI_Cmd
    __main.o(!!!main) refers to __rtentry.o(.ARM.Collect$$rtentry$$00000000) for __rt_entry
    __rtentry.o(.ARM.Collect$$rtentry$$00000000) refers (Special) to __rtentry2.o(.ARM.Collect$$rtentry$$0000000A) for __rt_entry_li
    __rtentry.o(.ARM.Collect$$rtentry$$00000000) refers (Special) to __rtentry2.o(.ARM.Collect$$rtentry$$0000000D) for __rt_entry_main
    __rtentry.o(.ARM.Collect$$rtentry$$00000000) refers (Special) to __rtentry2.o(.ARM.Collect$$rtentry$$0000000C) for __rt_entry_postli_1
    __rtentry.o(.ARM.Collect$$rtentry$$00000000) refers (Special) to __rtentry2.o(.ARM.Collect$$rtentry$$00000009) for __rt_entry_postsh_1
    __rtentry.o(.ARM.Collect$$rtentry$$00000000) refers (Special) to __rtentry2.o(.ARM.Collect$$rtentry$$00000002) for __rt_entry_presh_1
    __rtentry.o(.ARM.Collect$$rtentry$$00000000) refers (Special) to __rtentry4.o(.ARM.Collect$$rtentry$$00000004) for __rt_entry_sh
    aeabi_idiv0_sigfpe.o(.text) refers to rt_div0.o(.text) for __rt_div0
    __rtentry2.o(.ARM.Collect$$rtentry$$00000008) refers to boardinit2.o(.text) for _platform_post_stackheap_init
    __rtentry2.o(.ARM.Collect$$rtentry$$0000000A) refers to libinit.o(.ARM.Collect$$libinit$$00000000) for __rt_lib_init
    __rtentry2.o(.ARM.Collect$$rtentry$$0000000B) refers to boardinit3.o(.text) for _platform_post_lib_init
    __rtentry2.o(.ARM.Collect$$rtentry$$0000000D) refers to main.o(i.main) for main
    __rtentry2.o(.ARM.Collect$$rtentry$$0000000D) refers to exit.o(.text) for exit
    __rtentry2.o(.ARM.exidx) refers to __rtentry2.o(.ARM.Collect$$rtentry$$00000001) for .ARM.Collect$$rtentry$$00000001
    __rtentry2.o(.ARM.exidx) refers to __rtentry2.o(.ARM.Collect$$rtentry$$00000008) for .ARM.Collect$$rtentry$$00000008
    __rtentry2.o(.ARM.exidx) refers to __rtentry2.o(.ARM.Collect$$rtentry$$0000000A) for .ARM.Collect$$rtentry$$0000000A
    __rtentry2.o(.ARM.exidx) refers to __rtentry2.o(.ARM.Collect$$rtentry$$0000000B) for .ARM.Collect$$rtentry$$0000000B
    __rtentry2.o(.ARM.exidx) refers to __rtentry2.o(.ARM.Collect$$rtentry$$0000000D) for .ARM.Collect$$rtentry$$0000000D
    __rtentry4.o(.ARM.Collect$$rtentry$$00000004) refers to sys_stackheap_outer.o(.text) for __user_setup_stackheap
    __rtentry4.o(.ARM.exidx) refers to __rtentry4.o(.ARM.Collect$$rtentry$$00000004) for .ARM.Collect$$rtentry$$00000004
    rt_div0.o(.text) refers to defsig_fpe_outer.o(.text) for __rt_SIGFPE
    sys_stackheap_outer.o(.text) refers to libspace.o(.text) for __user_perproc_libspace
    sys_stackheap_outer.o(.text) refers to startup_cms32f030x.o(.text) for __user_initial_stackheap
    sys_stackheap_outer.o(__vectab_stack_and_reset_area) refers to tempstk.o(.text) for __temporary_stack_top
    sys_stackheap_outer.o(__vectab_stack_and_reset_area) refers to __main.o(!!!main) for __main
    exit.o(.text) refers to rtexit.o(.ARM.Collect$$rtexit$$00000000) for __rt_exit
    defsig_fpe_outer.o(.text) refers to defsig_fpe_inner.o(.text) for __rt_SIGFPE_inner
    defsig_fpe_outer.o(.text) refers to defsig_exit.o(.text) for __sig_exit
    defsig_fpe_formal.o(.text) refers to rt_raise.o(.text) for __rt_raise
    libinit.o(.ARM.Collect$$libinit$$00000000) refers (Special) to libinit2.o(.ARM.Collect$$libinit$$0000002E) for __rt_lib_init_alloca_1
    libinit.o(.ARM.Collect$$libinit$$00000000) refers (Special) to libinit2.o(.ARM.Collect$$libinit$$0000002C) for __rt_lib_init_argv_1
    libinit.o(.ARM.Collect$$libinit$$00000000) refers (Special) to libinit2.o(.ARM.Collect$$libinit$$0000001B) for __rt_lib_init_atexit_1
    libinit.o(.ARM.Collect$$libinit$$00000000) refers (Special) to libinit2.o(.ARM.Collect$$libinit$$00000021) for __rt_lib_init_clock_1
    libinit.o(.ARM.Collect$$libinit$$00000000) refers (Special) to libinit2.o(.ARM.Collect$$libinit$$00000032) for __rt_lib_init_cpp_1
    libinit.o(.ARM.Collect$$libinit$$00000000) refers (Special) to libinit2.o(.ARM.Collect$$libinit$$00000030) for __rt_lib_init_exceptions_1
    libinit.o(.ARM.Collect$$libinit$$00000000) refers (Special) to libinit2.o(.ARM.Collect$$libinit$$00000002) for __rt_lib_init_fp_1
    libinit.o(.ARM.Collect$$libinit$$00000000) refers (Special) to libinit2.o(.ARM.Collect$$libinit$$0000001F) for __rt_lib_init_fp_trap_1
    libinit.o(.ARM.Collect$$libinit$$00000000) refers (Special) to libinit2.o(.ARM.Collect$$libinit$$00000023) for __rt_lib_init_getenv_1
    libinit.o(.ARM.Collect$$libinit$$00000000) refers (Special) to libinit2.o(.ARM.Collect$$libinit$$0000000A) for __rt_lib_init_heap_1
    libinit.o(.ARM.Collect$$libinit$$00000000) refers (Special) to libinit2.o(.ARM.Collect$$libinit$$00000011) for __rt_lib_init_lc_collate_1
    libinit.o(.ARM.Collect$$libinit$$00000000) refers (Special) to libinit2.o(.ARM.Collect$$libinit$$00000013) for __rt_lib_init_lc_ctype_1
    libinit.o(.ARM.Collect$$libinit$$00000000) refers (Special) to libinit2.o(.ARM.Collect$$libinit$$00000015) for __rt_lib_init_lc_monetary_1
    libinit.o(.ARM.Collect$$libinit$$00000000) refers (Special) to libinit2.o(.ARM.Collect$$libinit$$00000017) for __rt_lib_init_lc_numeric_1
    libinit.o(.ARM.Collect$$libinit$$00000000) refers (Special) to libinit2.o(.ARM.Collect$$libinit$$00000019) for __rt_lib_init_lc_time_1
    libinit.o(.ARM.Collect$$libinit$$00000000) refers (Special) to libinit2.o(.ARM.Collect$$libinit$$00000004) for __rt_lib_init_preinit_1
    libinit.o(.ARM.Collect$$libinit$$00000000) refers (Special) to libinit2.o(.ARM.Collect$$libinit$$0000000E) for __rt_lib_init_rand_1
    libinit.o(.ARM.Collect$$libinit$$00000000) refers (Special) to libinit2.o(.ARM.Collect$$libinit$$00000033) for __rt_lib_init_return
    libinit.o(.ARM.Collect$$libinit$$00000000) refers (Special) to libinit2.o(.ARM.Collect$$libinit$$0000001D) for __rt_lib_init_signal_1
    libinit.o(.ARM.Collect$$libinit$$00000000) refers (Special) to libinit2.o(.ARM.Collect$$libinit$$00000025) for __rt_lib_init_stdio_1
    libinit.o(.ARM.Collect$$libinit$$00000000) refers (Special) to libinit2.o(.ARM.Collect$$libinit$$0000000C) for __rt_lib_init_user_alloc_1
    libspace.o(.text) refers to libspace.o(.bss) for __libspace_start
    rtexit.o(.ARM.Collect$$rtexit$$00000000) refers (Special) to rtexit2.o(.ARM.Collect$$rtexit$$00000004) for __rt_exit_exit
    rtexit.o(.ARM.Collect$$rtexit$$00000000) refers (Special) to rtexit2.o(.ARM.Collect$$rtexit$$00000003) for __rt_exit_ls
    rtexit.o(.ARM.Collect$$rtexit$$00000000) refers (Special) to rtexit2.o(.ARM.Collect$$rtexit$$00000002) for __rt_exit_prels_1
    rtexit.o(.ARM.exidx) refers (Special) to rtexit2.o(.ARM.Collect$$rtexit$$00000004) for __rt_exit_exit
    rtexit.o(.ARM.exidx) refers (Special) to rtexit2.o(.ARM.Collect$$rtexit$$00000003) for __rt_exit_ls
    rtexit.o(.ARM.exidx) refers (Special) to rtexit2.o(.ARM.Collect$$rtexit$$00000002) for __rt_exit_prels_1
    rtexit.o(.ARM.exidx) refers to rtexit.o(.ARM.Collect$$rtexit$$00000000) for .ARM.Collect$$rtexit$$00000000
    rt_raise.o(.text) refers to __raise.o(.text) for __raise
    rt_raise.o(.text) refers to retarget.o(i._sys_exit) for _sys_exit
    defsig_exit.o(.text) refers to retarget.o(i._sys_exit) for _sys_exit
    defsig_fpe_inner.o(.text) refers to defsig_general.o(.text) for __default_signal_display
    libinit2.o(.ARM.Collect$$libinit$$00000010) refers to libinit2.o(.ARM.Collect$$libinit$$0000000F) for .ARM.Collect$$libinit$$0000000F
    libinit2.o(.ARM.Collect$$libinit$$00000012) refers to libinit2.o(.ARM.Collect$$libinit$$0000000F) for .ARM.Collect$$libinit$$0000000F
    libinit2.o(.ARM.Collect$$libinit$$00000014) refers to libinit2.o(.ARM.Collect$$libinit$$0000000F) for .ARM.Collect$$libinit$$0000000F
    libinit2.o(.ARM.Collect$$libinit$$00000016) refers to libinit2.o(.ARM.Collect$$libinit$$0000000F) for .ARM.Collect$$libinit$$0000000F
    libinit2.o(.ARM.Collect$$libinit$$00000018) refers to libinit2.o(.ARM.Collect$$libinit$$0000000F) for .ARM.Collect$$libinit$$0000000F
    libinit2.o(.ARM.Collect$$libinit$$00000026) refers to argv_veneer.o(.text) for __ARM_argv_veneer
    libinit2.o(.ARM.Collect$$libinit$$00000027) refers to argv_veneer.o(.text) for __ARM_argv_veneer
    rtexit2.o(.ARM.Collect$$rtexit$$00000003) refers to libshutdown.o(.ARM.Collect$$libshutdown$$00000000) for __rt_lib_shutdown
    rtexit2.o(.ARM.Collect$$rtexit$$00000004) refers to retarget.o(i._sys_exit) for _sys_exit
    rtexit2.o(.ARM.exidx) refers to rtexit2.o(.ARM.Collect$$rtexit$$00000001) for .ARM.Collect$$rtexit$$00000001
    rtexit2.o(.ARM.exidx) refers to rtexit2.o(.ARM.Collect$$rtexit$$00000003) for .ARM.Collect$$rtexit$$00000003
    rtexit2.o(.ARM.exidx) refers to rtexit2.o(.ARM.Collect$$rtexit$$00000004) for .ARM.Collect$$rtexit$$00000004
    __raise.o(.text) refers to defsig.o(CL$$defsig) for __default_signal_handler
    defsig_general.o(.text) refers to retarget.o(i._ttywrch) for _ttywrch
    defsig.o(CL$$defsig) refers to defsig_fpe_inner.o(.text) for __rt_SIGFPE_inner
    defsig.o(CL$$defsig) refers to defsig_rtmem_inner.o(.text) for __rt_SIGRTMEM_inner
    _get_argv_nomalloc.o(.text) refers (Special) to hrguard.o(.text) for __heap_region$guard
    _get_argv_nomalloc.o(.text) refers to defsig_rtmem_outer.o(.text) for __rt_SIGRTMEM
    _get_argv_nomalloc.o(.text) refers to sys_command.o(.text) for _sys_command_string
    libshutdown.o(.ARM.Collect$$libshutdown$$00000000) refers (Special) to libshutdown2.o(.ARM.Collect$$libshutdown$$00000002) for __rt_lib_shutdown_cpp_1
    libshutdown.o(.ARM.Collect$$libshutdown$$00000000) refers (Special) to libshutdown2.o(.ARM.Collect$$libshutdown$$00000007) for __rt_lib_shutdown_fp_trap_1
    libshutdown.o(.ARM.Collect$$libshutdown$$00000000) refers (Special) to libshutdown2.o(.ARM.Collect$$libshutdown$$0000000F) for __rt_lib_shutdown_heap_1
    libshutdown.o(.ARM.Collect$$libshutdown$$00000000) refers (Special) to libshutdown2.o(.ARM.Collect$$libshutdown$$00000010) for __rt_lib_shutdown_return
    libshutdown.o(.ARM.Collect$$libshutdown$$00000000) refers (Special) to libshutdown2.o(.ARM.Collect$$libshutdown$$0000000A) for __rt_lib_shutdown_signal_1
    libshutdown.o(.ARM.Collect$$libshutdown$$00000000) refers (Special) to libshutdown2.o(.ARM.Collect$$libshutdown$$00000004) for __rt_lib_shutdown_stdio_1
    libshutdown.o(.ARM.Collect$$libshutdown$$00000000) refers (Special) to libshutdown2.o(.ARM.Collect$$libshutdown$$0000000C) for __rt_lib_shutdown_user_alloc_1
    sys_command.o(.text) refers (Special) to use_no_semi.o(.text) for __I$use$semihosting
    sys_command.o(.text) refers (Special) to indicate_semi.o(.text) for __semihosting_library_function
    defsig_abrt_inner.o(.text) refers to defsig_general.o(.text) for __default_signal_display
    defsig_rtred_inner.o(.text) refers to defsig_general.o(.text) for __default_signal_display
    defsig_rtmem_inner.o(.text) refers to defsig_general.o(.text) for __default_signal_display
    defsig_rtmem_outer.o(.text) refers to defsig_rtmem_inner.o(.text) for __rt_SIGRTMEM_inner
    defsig_rtmem_outer.o(.text) refers to defsig_exit.o(.text) for __sig_exit
    defsig_rtmem_formal.o(.text) refers to rt_raise.o(.text) for __rt_raise
    defsig_stak_inner.o(.text) refers to defsig_general.o(.text) for __default_signal_display
    defsig_pvfn_inner.o(.text) refers to defsig_general.o(.text) for __default_signal_display
    defsig_cppl_inner.o(.text) refers to defsig_general.o(.text) for __default_signal_display
    defsig_segv_inner.o(.text) refers to defsig_general.o(.text) for __default_signal_display
    defsig_other.o(.text) refers to defsig_general.o(.text) for __default_signal_display


==============================================================================

Removing Unused input sections from the image.

    Removing system_cms32f030x.o(.rev16_text), (4 bytes).
    Removing system_cms32f030x.o(.revsh_text), (4 bytes).
    Removing cms32f030x_adc.o(.rev16_text), (4 bytes).
    Removing cms32f030x_adc.o(.revsh_text), (4 bytes).
    Removing cms32f030x_adc.o(i.ADC_ChannelConfig), (30 bytes).
    Removing cms32f030x_adc.o(i.ADC_ClearITPendingBit), (12 bytes).
    Removing cms32f030x_adc.o(i.ADC_Cmd), (24 bytes).
    Removing cms32f030x_adc.o(i.ADC_DeInit), (20 bytes).
    Removing cms32f030x_adc.o(i.ADC_GetConversionStatus), (26 bytes).
    Removing cms32f030x_adc.o(i.ADC_GetConversionValue), (28 bytes).
    Removing cms32f030x_adc.o(i.ADC_GetITStatus), (26 bytes).
    Removing cms32f030x_adc.o(i.ADC_ITConfig), (30 bytes).
    Removing cms32f030x_adc.o(i.ADC_Init), (16 bytes).
    Removing cms32f030x_adc.o(i.ADC_StartOfConversion), (12 bytes).
    Removing cms32f030x_adc.o(i.ADC_StopOfConversion), (12 bytes).
    Removing cms32f030x_adc.o(i.ADC_StructInit), (10 bytes).
    Removing cms32f030x_epwm.o(.rev16_text), (4 bytes).
    Removing cms32f030x_epwm.o(.revsh_text), (4 bytes).
    Removing cms32f030x_epwm.o(i.EPWM_BrakeLevelSelect), (52 bytes).
    Removing cms32f030x_epwm.o(i.EPWM_ClearIntFlag), (16 bytes).
    Removing cms32f030x_epwm.o(i.EPWM_ConfigFaultBrake), (62 bytes).
    Removing cms32f030x_epwm.o(i.EPWM_ConfigInt), (28 bytes).
    Removing cms32f030x_epwm.o(i.EPWM_ConfigOutputChannel), (356 bytes).
    Removing cms32f030x_epwm.o(i.EPWM_ConfigSWBrake), (34 bytes).
    Removing cms32f030x_epwm.o(i.EPWM_DisableDeadZone), (22 bytes).
    Removing cms32f030x_epwm.o(i.EPWM_DisableInverse), (28 bytes).
    Removing cms32f030x_epwm.o(i.EPWM_DisableOutput), (24 bytes).
    Removing cms32f030x_epwm.o(i.EPWM_EnableDeadZone), (56 bytes).
    Removing cms32f030x_epwm.o(i.EPWM_EnableInverse), (28 bytes).
    Removing cms32f030x_epwm.o(i.EPWM_EnableOutput), (20 bytes).
    Removing cms32f030x_epwm.o(i.EPWM_GetIntFlag), (20 bytes).
    Removing cms32f030x_epwm.o(i.EPWM_SelectMode), (62 bytes).
    Removing cms32f030x_epwm.o(i.EPWM_Start), (28 bytes).
    Removing cms32f030x_epwm.o(i.EPWM_Stop), (28 bytes).
    Removing cms32f030x_fmc.o(.rev16_text), (4 bytes).
    Removing cms32f030x_fmc.o(.revsh_text), (4 bytes).
    Removing cms32f030x_fmc.o(i.FMC_ErasAll), (52 bytes).
    Removing cms32f030x_fmc.o(i.FMC_ErasPage), (60 bytes).
    Removing cms32f030x_fmc.o(i.FMC_Lock), (10 bytes).
    Removing cms32f030x_fmc.o(i.FMC_ReadData), (70 bytes).
    Removing cms32f030x_fmc.o(i.FMC_SetKey), (20 bytes).
    Removing cms32f030x_fmc.o(i.FMC_UnLock), (16 bytes).
    Removing cms32f030x_fmc.o(i.FMC_WriteData), (64 bytes).
    Removing cms32f030x_gpio.o(.rev16_text), (4 bytes).
    Removing cms32f030x_gpio.o(.revsh_text), (4 bytes).
    Removing cms32f030x_gpio.o(i.GPIO_DeInit), (6 bytes).
    Removing cms32f030x_gpio.o(i.GPIO_InputFit), (20 bytes).
    Removing cms32f030x_gpio.o(i.GPIO_ReadInputData), (8 bytes).
    Removing cms32f030x_gpio.o(i.GPIO_ReadOutputData), (8 bytes).
    Removing cms32f030x_gpio.o(i.GPIO_ReadOutputDataBit), (20 bytes).
    Removing cms32f030x_gpio.o(i.GPIO_ResetBits), (4 bytes).
    Removing cms32f030x_gpio.o(i.GPIO_Write), (4 bytes).
    Removing cms32f030x_gpio.o(i.GPIO_WriteBit), (20 bytes).
    Removing cms32f030x_iic.o(.rev16_text), (4 bytes).
    Removing cms32f030x_iic.o(.revsh_text), (4 bytes).
    Removing cms32f030x_iic.o(i.I2C_AcknowledgeConfig), (24 bytes).
    Removing cms32f030x_iic.o(i.I2C_ClkSet), (132 bytes).
    Removing cms32f030x_iic.o(i.I2C_Cmd), (24 bytes).
    Removing cms32f030x_iic.o(i.I2C_DeInit), (30 bytes).
    Removing cms32f030x_iic.o(i.I2C_GeneralCall0Cmd), (24 bytes).
    Removing cms32f030x_iic.o(i.I2C_GeneralCall1Cmd), (24 bytes).
    Removing cms32f030x_iic.o(i.I2C_GeneralCall2Cmd), (24 bytes).
    Removing cms32f030x_iic.o(i.I2C_GeneralCall3Cmd), (24 bytes).
    Removing cms32f030x_iic.o(i.I2C_GeneralCallEx0Cmd), (24 bytes).
    Removing cms32f030x_iic.o(i.I2C_GenerateSTART), (24 bytes).
    Removing cms32f030x_iic.o(i.I2C_GenerateSTOP), (10 bytes).
    Removing cms32f030x_iic.o(i.I2C_GetAddressMatched), (32 bytes).
    Removing cms32f030x_iic.o(i.I2C_GetITStatus), (22 bytes).
    Removing cms32f030x_iic.o(i.I2C_GetStatusFlag), (8 bytes).
    Removing cms32f030x_iic.o(i.I2C_ITClear), (10 bytes).
    Removing cms32f030x_iic.o(i.I2C_ITConfig), (24 bytes).
    Removing cms32f030x_iic.o(i.I2C_Init), (42 bytes).
    Removing cms32f030x_iic.o(i.I2C_OwnAddress0Config), (26 bytes).
    Removing cms32f030x_iic.o(i.I2C_OwnAddress1Config), (10 bytes).
    Removing cms32f030x_iic.o(i.I2C_OwnAddress2Config), (10 bytes).
    Removing cms32f030x_iic.o(i.I2C_OwnAddress3Config), (10 bytes).
    Removing cms32f030x_iic.o(i.I2C_ReadRegister), (22 bytes).
    Removing cms32f030x_iic.o(i.I2C_ReceiveData), (18 bytes).
    Removing cms32f030x_iic.o(i.I2C_SendData), (12 bytes).
    Removing cms32f030x_iic.o(i.I2C_SoftwareResetCmd), (6 bytes).
    Removing cms32f030x_iic.o(i.I2C_StructInit), (14 bytes).
    Removing cms32f030x_pwm.o(.rev16_text), (4 bytes).
    Removing cms32f030x_pwm.o(.revsh_text), (4 bytes).
    Removing cms32f030x_pwm.o(i.PWM_BaseStructInit), (16 bytes).
    Removing cms32f030x_pwm.o(i.PWM_ClearITPendingBit), (16 bytes).
    Removing cms32f030x_pwm.o(i.PWM_Cmd), (40 bytes).
    Removing cms32f030x_pwm.o(i.PWM_DeInit), (20 bytes).
    Removing cms32f030x_pwm.o(i.PWM_GetITStatus), (24 bytes).
    Removing cms32f030x_pwm.o(i.PWM_ITConfig), (32 bytes).
    Removing cms32f030x_pwm.o(i.PWM_Init), (56 bytes).
    Removing cms32f030x_pwm.o(i.PWM_SetADataVal), (68 bytes).
    Removing cms32f030x_pwm.o(i.PWM_SetBDataVal), (68 bytes).
    Removing cms32f030x_pwm.o(i.PWM_SetLoadVal), (68 bytes).
    Removing cms32f030x_spi.o(.rev16_text), (4 bytes).
    Removing cms32f030x_spi.o(.revsh_text), (4 bytes).
    Removing cms32f030x_spi.o(i.SPI_ClearITFlag), (8 bytes).
    Removing cms32f030x_spi.o(i.SPI_DataSizeConfig), (16 bytes).
    Removing cms32f030x_spi.o(i.SPI_GetFlagStatus), (20 bytes).
    Removing cms32f030x_spi.o(i.SPI_GetITStatus), (20 bytes).
    Removing cms32f030x_spi.o(i.SPI_ITConfig), (20 bytes).
    Removing cms32f030x_spi.o(i.SPI_ReceiveDataNBit), (20 bytes).
    Removing cms32f030x_spi.o(i.SPI_SSOutputCmd), (24 bytes).
    Removing cms32f030x_spi.o(i.SPI_SendDataNBit), (16 bytes).
    Removing cms32f030x_syscon.o(.rev16_text), (4 bytes).
    Removing cms32f030x_syscon.o(.revsh_text), (4 bytes).
    Removing cms32f030x_syscon.o(i.SYS_AHBConfig), (24 bytes).
    Removing cms32f030x_syscon.o(i.SYS_APBConfig), (24 bytes).
    Removing cms32f030x_syscon.o(i.SYS_CLKDeInit), (92 bytes).
    Removing cms32f030x_syscon.o(i.SYS_CLKITConfig), (52 bytes).
    Removing cms32f030x_syscon.o(i.SYS_ClearFlag), (24 bytes).
    Removing cms32f030x_syscon.o(i.SYS_ENterDeepSleepMode), (32 bytes).
    Removing cms32f030x_syscon.o(i.SYS_EnterSTOPMode), (32 bytes).
    Removing cms32f030x_syscon.o(i.SYS_EnterSleepMode), (32 bytes).
    Removing cms32f030x_syscon.o(i.SYS_GetDIDNum), (10 bytes).
    Removing cms32f030x_syscon.o(i.SYS_GetDevFlashSize), (26 bytes).
    Removing cms32f030x_syscon.o(i.SYS_GetFlagStatus), (28 bytes).
    Removing cms32f030x_syscon.o(i.SYS_GetITStatus), (28 bytes).
    Removing cms32f030x_syscon.o(i.SYS_HSECmd), (60 bytes).
    Removing cms32f030x_syscon.o(i.SYS_HSEConfig), (44 bytes).
    Removing cms32f030x_syscon.o(i.SYS_HSICmd), (64 bytes).
    Removing cms32f030x_syscon.o(i.SYS_MCOCmd), (48 bytes).
    Removing cms32f030x_syscon.o(i.SYS_MCOConfig), (40 bytes).
    Removing cms32f030x_syscon.o(i.SYS_PLLCmd), (40 bytes).
    Removing cms32f030x_syscon.o(i.SYS_PLLConfig), (32 bytes).
    Removing cms32f030x_syscon.o(i.SYS_ResetCPU), (16 bytes).
    Removing cms32f030x_syscon.o(i.SYS_ResetMCU), (16 bytes).
    Removing cms32f030x_syscon.o(i.SYS_SYSCLKConfig), (36 bytes).
    Removing cms32f030x_syscon.o(i.SYS_TMR01Config), (16 bytes).
    Removing cms32f030x_syscon.o(i.SYS_WaitForHSEStartUp), (48 bytes).
    Removing cms32f030x_syscon.o(i.SYS_WaitForHSIStartUp), (48 bytes).
    Removing cms32f030x_syscon.o(i.SYS_WaitForPLLStartUp), (52 bytes).
    Removing cms32f030x_tim.o(.rev16_text), (4 bytes).
    Removing cms32f030x_tim.o(.revsh_text), (4 bytes).
    Removing cms32f030x_tim.o(i.TIM_ClearITPendingBit), (6 bytes).
    Removing cms32f030x_tim.o(i.TIM_Cmd), (20 bytes).
    Removing cms32f030x_tim.o(i.TIM_DeInit), (14 bytes).
    Removing cms32f030x_tim.o(i.TIM_GetBGCounter), (6 bytes).
    Removing cms32f030x_tim.o(i.TIM_GetCounter), (6 bytes).
    Removing cms32f030x_tim.o(i.TIM_GetITStatus), (22 bytes).
    Removing cms32f030x_tim.o(i.TIM_GetPrescaler), (10 bytes).
    Removing cms32f030x_tim.o(i.TIM_ITConfig), (24 bytes).
    Removing cms32f030x_tim.o(i.TIM_PrescalerConfig), (16 bytes).
    Removing cms32f030x_tim.o(i.TIM_SetBGCounter), (4 bytes).
    Removing cms32f030x_tim.o(i.TIM_SetCounter), (4 bytes).
    Removing cms32f030x_tim.o(i.TIM_TimeBaseInit), (56 bytes).
    Removing cms32f030x_tim.o(i.TIM_TimeBaseStructInit), (12 bytes).
    Removing cms32f030x_uart.o(.rev16_text), (4 bytes).
    Removing cms32f030x_uart.o(.revsh_text), (4 bytes).
    Removing cms32f030x_uart.o(i.UART_DeInit), (48 bytes).
    Removing cms32f030x_uart.o(i.UART_FIFOCmd), (24 bytes).
    Removing cms32f030x_uart.o(i.UART_FIFOControl), (14 bytes).
    Removing cms32f030x_uart.o(i.UART_FIFORstRx), (10 bytes).
    Removing cms32f030x_uart.o(i.UART_FIFORstTx), (10 bytes).
    Removing cms32f030x_uart.o(i.UART_GetITStatus), (62 bytes).
    Removing cms32f030x_uart.o(i.UART_ITConfig), (20 bytes).
    Removing cms32f030x_uart.o(i.UART_Init), (52 bytes).
    Removing cms32f030x_uart.o(i.UART_ReceiveData), (20 bytes).
    Removing cms32f030x_uart.o(i.UART_SendData), (18 bytes).
    Removing cms32f030x_uart.o(i.UART_StructInit), (20 bytes).
    Removing cms32f030x_wdt.o(.rev16_text), (4 bytes).
    Removing cms32f030x_wdt.o(.revsh_text), (4 bytes).
    Removing cms32f030x_wdt.o(i.WDT_ClearITPendingBit), (24 bytes).
    Removing cms32f030x_wdt.o(i.WDT_DeInit), (22 bytes).
    Removing cms32f030x_wdt.o(i.WDT_DebugStop), (54 bytes).
    Removing cms32f030x_wdt.o(i.WDT_GetITStatus), (24 bytes).
    Removing cms32f030x_wdt.o(i.WDT_ITConfig), (52 bytes).
    Removing cms32f030x_wdt.o(i.WDT_Init), (50 bytes).
    Removing cms32f030x_wdt.o(i.WDT_Lock), (16 bytes).
    Removing cms32f030x_wdt.o(i.WDT_SetCounter), (20 bytes).
    Removing cms32f030x_wdt.o(i.WDT_SetEnableReset), (56 bytes).
    Removing cms32f030x_wdt.o(i.WDT_SetPrescaler), (38 bytes).
    Removing cms32f030x_wdt.o(i.WDT_Unlock), (28 bytes).
    Removing retarget.o(.rev16_text), (4 bytes).
    Removing retarget.o(.revsh_text), (4 bytes).
    Removing retarget.o(i._ttywrch), (24 bytes).
    Removing retarget.o(i.ferror), (8 bytes).
    Removing retarget.o(i.fgetc), (48 bytes).
    Removing retarget.o(i.fputc), (52 bytes).
    Removing retarget.o(.data), (8 bytes).
    Removing main.o(.rev16_text), (4 bytes).
    Removing main.o(.revsh_text), (4 bytes).
    Removing cms32f030x_it.o(.rev16_text), (4 bytes).
    Removing cms32f030x_it.o(.revsh_text), (4 bytes).
    Removing hal_irq.o(.rev16_text), (4 bytes).
    Removing hal_irq.o(.revsh_text), (4 bytes).
    Removing hal_spi.o(.rev16_text), (4 bytes).
    Removing hal_spi.o(.revsh_text), (4 bytes).
    Removing hal_spi.o(i.RF_ReadBuf), (44 bytes).
    Removing hal_spi.o(i.RF_WriteBuf), (46 bytes).
    Removing hal_spi.o(i.SPI_BLE_Chip_Disable), (14 bytes).
    Removing hal_spi.o(i.SPI_BLE_Chip_Enable), (14 bytes).
    Removing hal_spi.o(i.SPI_CS_Disable_), (14 bytes).
    Removing hal_spi.o(i.SPI_CS_Enable_), (14 bytes).
    Removing hal_spi.o(i.SPI_Read_Reg), (34 bytes).
    Removing hal_spi.o(i.SPI_WriteRead), (50 bytes).
    Removing hal_spi.o(i.SPI_Write_Reg), (28 bytes).
    Removing hal_24g.o(.rev16_text), (4 bytes).
    Removing hal_24g.o(.revsh_text), (4 bytes).
    Removing cms32f030x_uart.o(i.__ARM_common_switch8), (28 bytes).

199 unused section(s) (total 5090 bytes) removed from the image.

==============================================================================

Image Symbol Table

    Local Symbols

    Symbol Name                              Value     Ov Type        Size  Object(Section)

    RESET                                    0x00000000   Section      192  startup_cms32f030x.o(RESET)
    ../clib/angel/boardlib.s                 0x00000000   Number         0  boardinit1.o ABSOLUTE
    ../clib/angel/boardlib.s                 0x00000000   Number         0  boardshut.o ABSOLUTE
    ../clib/angel/boardlib.s                 0x00000000   Number         0  boardinit2.o ABSOLUTE
    ../clib/angel/boardlib.s                 0x00000000   Number         0  boardinit3.o ABSOLUTE
    ../clib/angel/handlers.s                 0x00000000   Number         0  __scatter_copy.o ABSOLUTE
    ../clib/angel/handlers.s                 0x00000000   Number         0  __scatter_zi.o ABSOLUTE
    ../clib/angel/kernel.s                   0x00000000   Number         0  __rtentry4.o ABSOLUTE
    ../clib/angel/kernel.s                   0x00000000   Number         0  __rtentry.o ABSOLUTE
    ../clib/angel/kernel.s                   0x00000000   Number         0  rtexit2.o ABSOLUTE
    ../clib/angel/kernel.s                   0x00000000   Number         0  rtexit.o ABSOLUTE
    ../clib/angel/kernel.s                   0x00000000   Number         0  __rtentry2.o ABSOLUTE
    ../clib/angel/rt.s                       0x00000000   Number         0  rt_raise.o ABSOLUTE
    ../clib/angel/rt.s                       0x00000000   Number         0  rt_div0.o ABSOLUTE
    ../clib/angel/rt.s                       0x00000000   Number         0  aeabi_idiv0.o ABSOLUTE
    ../clib/angel/rt.s                       0x00000000   Number         0  aeabi_idiv0_sigfpe.o ABSOLUTE
    ../clib/angel/scatterp.s                 0x00000000   Number         0  __scatter.o ABSOLUTE
    ../clib/angel/startup.s                  0x00000000   Number         0  __main.o ABSOLUTE
    ../clib/angel/sys.s                      0x00000000   Number         0  sys_stackheap_outer.o ABSOLUTE
    ../clib/angel/sys.s                      0x00000000   Number         0  use_no_semi.o ABSOLUTE
    ../clib/angel/sys.s                      0x00000000   Number         0  indicate_semi.o ABSOLUTE
    ../clib/angel/sys.s                      0x00000000   Number         0  tempstk.o ABSOLUTE
    ../clib/angel/sys.s                      0x00000000   Number         0  libspace.o ABSOLUTE
    ../clib/angel/sysapp.c                   0x00000000   Number         0  sys_command.o ABSOLUTE
    ../clib/armsys.c                         0x00000000   Number         0  argv_veneer.o ABSOLUTE
    ../clib/armsys.c                         0x00000000   Number         0  no_argv.o ABSOLUTE
    ../clib/armsys.c                         0x00000000   Number         0  _get_argv_nomalloc.o ABSOLUTE
    ../clib/division.s                       0x00000000   Number         0  aeabi_sdiv_div0.o ABSOLUTE
    ../clib/division.s                       0x00000000   Number         0  aeabi_sdiv.o ABSOLUTE
    ../clib/heapalloc.c                      0x00000000   Number         0  hrguard.o ABSOLUTE
    ../clib/heapaux.c                        0x00000000   Number         0  heapauxi.o ABSOLUTE
    ../clib/libinit.s                        0x00000000   Number         0  libinit2.o ABSOLUTE
    ../clib/libinit.s                        0x00000000   Number         0  libshutdown2.o ABSOLUTE
    ../clib/libinit.s                        0x00000000   Number         0  libinit.o ABSOLUTE
    ../clib/libinit.s                        0x00000000   Number         0  libshutdown.o ABSOLUTE
    ../clib/signal.c                         0x00000000   Number         0  defsig_cppl_inner.o ABSOLUTE
    ../clib/signal.c                         0x00000000   Number         0  defsig_fpe_outer.o ABSOLUTE
    ../clib/signal.c                         0x00000000   Number         0  defsig_other.o ABSOLUTE
    ../clib/signal.c                         0x00000000   Number         0  defsig_fpe_inner.o ABSOLUTE
    ../clib/signal.c                         0x00000000   Number         0  defsig_segv_inner.o ABSOLUTE
    ../clib/signal.c                         0x00000000   Number         0  defsig_pvfn_inner.o ABSOLUTE
    ../clib/signal.c                         0x00000000   Number         0  defsig_stak_inner.o ABSOLUTE
    ../clib/signal.c                         0x00000000   Number         0  defsig_rtmem_outer.o ABSOLUTE
    ../clib/signal.c                         0x00000000   Number         0  defsig_rtmem_inner.o ABSOLUTE
    ../clib/signal.c                         0x00000000   Number         0  defsig_abrt_inner.o ABSOLUTE
    ../clib/signal.c                         0x00000000   Number         0  defsig_general.o ABSOLUTE
    ../clib/signal.c                         0x00000000   Number         0  __raise.o ABSOLUTE
    ../clib/signal.c                         0x00000000   Number         0  defsig_rtmem_formal.o ABSOLUTE
    ../clib/signal.c                         0x00000000   Number         0  defsig_rtred_inner.o ABSOLUTE
    ../clib/signal.c                         0x00000000   Number         0  defsig_exit.o ABSOLUTE
    ../clib/signal.c                         0x00000000   Number         0  defsig_fpe_formal.o ABSOLUTE
    ../clib/signal.s                         0x00000000   Number         0  defsig.o ABSOLUTE
    ../clib/stdlib.c                         0x00000000   Number         0  exit.o ABSOLUTE
    ../fplib/cfplib/fpinit.c                 0x00000000   Number         0  fpinit.o ABSOLUTE
    ..\..\..\Libraries\CMSIS\startup_CMS32F030x.s 0x00000000   Number         0  startup_cms32f030x.o ABSOLUTE
    ..\..\..\Libraries\CMSIS\system_CMS32F030x.c 0x00000000   Number         0  system_cms32f030x.o ABSOLUTE
    ..\..\..\Libraries\src\CMS32F030x_adc.c  0x00000000   Number         0  cms32f030x_adc.o ABSOLUTE
    ..\..\..\Libraries\src\CMS32F030x_epwm.c 0x00000000   Number         0  cms32f030x_epwm.o ABSOLUTE
    ..\..\..\Libraries\src\CMS32F030x_fmc.c  0x00000000   Number         0  cms32f030x_fmc.o ABSOLUTE
    ..\..\..\Libraries\src\CMS32F030x_gpio.c 0x00000000   Number         0  cms32f030x_gpio.o ABSOLUTE
    ..\..\..\Libraries\src\CMS32F030x_iic.c  0x00000000   Number         0  cms32f030x_iic.o ABSOLUTE
    ..\..\..\Libraries\src\CMS32F030x_pwm.c  0x00000000   Number         0  cms32f030x_pwm.o ABSOLUTE
    ..\..\..\Libraries\src\CMS32F030x_spi.c  0x00000000   Number         0  cms32f030x_spi.o ABSOLUTE
    ..\..\..\Libraries\src\CMS32F030x_syscon.c 0x00000000   Number         0  cms32f030x_syscon.o ABSOLUTE
    ..\..\..\Libraries\src\CMS32F030x_tim.c  0x00000000   Number         0  cms32f030x_tim.o ABSOLUTE
    ..\..\..\Libraries\src\CMS32F030x_uart.c 0x00000000   Number         0  cms32f030x_uart.o ABSOLUTE
    ..\..\..\Libraries\src\CMS32F030x_wdt.c  0x00000000   Number         0  cms32f030x_wdt.o ABSOLUTE
    ..\..\..\Libraries\src\retarget.c        0x00000000   Number         0  retarget.o ABSOLUTE
    ..\\..\\..\\Libraries\\CMSIS\\system_CMS32F030x.c 0x00000000   Number         0  system_cms32f030x.o ABSOLUTE
    ..\\..\\..\\Libraries\\src\\CMS32F030x_adc.c 0x00000000   Number         0  cms32f030x_adc.o ABSOLUTE
    ..\\..\\..\\Libraries\\src\\CMS32F030x_epwm.c 0x00000000   Number         0  cms32f030x_epwm.o ABSOLUTE
    ..\\..\\..\\Libraries\\src\\CMS32F030x_fmc.c 0x00000000   Number         0  cms32f030x_fmc.o ABSOLUTE
    ..\\..\\..\\Libraries\\src\\CMS32F030x_gpio.c 0x00000000   Number         0  cms32f030x_gpio.o ABSOLUTE
    ..\\..\\..\\Libraries\\src\\CMS32F030x_iic.c 0x00000000   Number         0  cms32f030x_iic.o ABSOLUTE
    ..\\..\\..\\Libraries\\src\\CMS32F030x_pwm.c 0x00000000   Number         0  cms32f030x_pwm.o ABSOLUTE
    ..\\..\\..\\Libraries\\src\\CMS32F030x_spi.c 0x00000000   Number         0  cms32f030x_spi.o ABSOLUTE
    ..\\..\\..\\Libraries\\src\\CMS32F030x_syscon.c 0x00000000   Number         0  cms32f030x_syscon.o ABSOLUTE
    ..\\..\\..\\Libraries\\src\\CMS32F030x_tim.c 0x00000000   Number         0  cms32f030x_tim.o ABSOLUTE
    ..\\..\\..\\Libraries\\src\\CMS32F030x_uart.c 0x00000000   Number         0  cms32f030x_uart.o ABSOLUTE
    ..\\..\\..\\Libraries\\src\\CMS32F030x_wdt.c 0x00000000   Number         0  cms32f030x_wdt.o ABSOLUTE
    ..\\..\\..\\Libraries\\src\\retarget.c   0x00000000   Number         0  retarget.o ABSOLUTE
    ..\\src\\CMS32F030x_it.c                 0x00000000   Number         0  cms32f030x_it.o ABSOLUTE
    ..\\src\\HAL\\hal_24g.c                  0x00000000   Number         0  hal_24g.o ABSOLUTE
    ..\\src\\HAL\\hal_irq.c                  0x00000000   Number         0  hal_irq.o ABSOLUTE
    ..\\src\\HAL\\hal_spi.c                  0x00000000   Number         0  hal_spi.o ABSOLUTE
    ..\\src\\main.c                          0x00000000   Number         0  main.o ABSOLUTE
    ..\src\CMS32F030x_it.c                   0x00000000   Number         0  cms32f030x_it.o ABSOLUTE
    ..\src\HAL\hal_24g.c                     0x00000000   Number         0  hal_24g.o ABSOLUTE
    ..\src\HAL\hal_irq.c                     0x00000000   Number         0  hal_irq.o ABSOLUTE
    ..\src\HAL\hal_spi.c                     0x00000000   Number         0  hal_spi.o ABSOLUTE
    ..\src\main.c                            0x00000000   Number         0  main.o ABSOLUTE
    dc.s                                     0x00000000   Number         0  dc.o ABSOLUTE
    !!!main                                  0x000000c0   Section        8  __main.o(!!!main)
    !!!scatter                               0x000000c8   Section       60  __scatter.o(!!!scatter)
    !!handler_copy                           0x00000104   Section       26  __scatter_copy.o(!!handler_copy)
    !!handler_zi                             0x00000120   Section       28  __scatter_zi.o(!!handler_zi)
    .ARM.Collect$$libinit$$00000000          0x0000013c   Section        2  libinit.o(.ARM.Collect$$libinit$$00000000)
    .ARM.Collect$$libinit$$00000002          0x0000013e   Section        0  libinit2.o(.ARM.Collect$$libinit$$00000002)
    .ARM.Collect$$libinit$$00000004          0x0000013e   Section        0  libinit2.o(.ARM.Collect$$libinit$$00000004)
    .ARM.Collect$$libinit$$0000000A          0x0000013e   Section        0  libinit2.o(.ARM.Collect$$libinit$$0000000A)
    .ARM.Collect$$libinit$$0000000C          0x0000013e   Section        0  libinit2.o(.ARM.Collect$$libinit$$0000000C)
    .ARM.Collect$$libinit$$0000000E          0x0000013e   Section        0  libinit2.o(.ARM.Collect$$libinit$$0000000E)
    .ARM.Collect$$libinit$$00000011          0x0000013e   Section        0  libinit2.o(.ARM.Collect$$libinit$$00000011)
    .ARM.Collect$$libinit$$00000013          0x0000013e   Section        0  libinit2.o(.ARM.Collect$$libinit$$00000013)
    .ARM.Collect$$libinit$$00000015          0x0000013e   Section        0  libinit2.o(.ARM.Collect$$libinit$$00000015)
    .ARM.Collect$$libinit$$00000017          0x0000013e   Section        0  libinit2.o(.ARM.Collect$$libinit$$00000017)
    .ARM.Collect$$libinit$$00000019          0x0000013e   Section        0  libinit2.o(.ARM.Collect$$libinit$$00000019)
    .ARM.Collect$$libinit$$0000001B          0x0000013e   Section        0  libinit2.o(.ARM.Collect$$libinit$$0000001B)
    .ARM.Collect$$libinit$$0000001D          0x0000013e   Section        0  libinit2.o(.ARM.Collect$$libinit$$0000001D)
    .ARM.Collect$$libinit$$0000001F          0x0000013e   Section        0  libinit2.o(.ARM.Collect$$libinit$$0000001F)
    .ARM.Collect$$libinit$$00000021          0x0000013e   Section        0  libinit2.o(.ARM.Collect$$libinit$$00000021)
    .ARM.Collect$$libinit$$00000023          0x0000013e   Section        0  libinit2.o(.ARM.Collect$$libinit$$00000023)
    .ARM.Collect$$libinit$$00000025          0x0000013e   Section        0  libinit2.o(.ARM.Collect$$libinit$$00000025)
    .ARM.Collect$$libinit$$0000002C          0x0000013e   Section        0  libinit2.o(.ARM.Collect$$libinit$$0000002C)
    .ARM.Collect$$libinit$$0000002E          0x0000013e   Section        0  libinit2.o(.ARM.Collect$$libinit$$0000002E)
    .ARM.Collect$$libinit$$00000030          0x0000013e   Section        0  libinit2.o(.ARM.Collect$$libinit$$00000030)
    .ARM.Collect$$libinit$$00000032          0x0000013e   Section        0  libinit2.o(.ARM.Collect$$libinit$$00000032)
    .ARM.Collect$$libinit$$00000033          0x0000013e   Section        2  libinit2.o(.ARM.Collect$$libinit$$00000033)
    .ARM.Collect$$libshutdown$$00000000      0x00000140   Section        2  libshutdown.o(.ARM.Collect$$libshutdown$$00000000)
    .ARM.Collect$$libshutdown$$00000002      0x00000142   Section        0  libshutdown2.o(.ARM.Collect$$libshutdown$$00000002)
    .ARM.Collect$$libshutdown$$00000004      0x00000142   Section        0  libshutdown2.o(.ARM.Collect$$libshutdown$$00000004)
    .ARM.Collect$$libshutdown$$00000007      0x00000142   Section        0  libshutdown2.o(.ARM.Collect$$libshutdown$$00000007)
    .ARM.Collect$$libshutdown$$0000000A      0x00000142   Section        0  libshutdown2.o(.ARM.Collect$$libshutdown$$0000000A)
    .ARM.Collect$$libshutdown$$0000000C      0x00000142   Section        0  libshutdown2.o(.ARM.Collect$$libshutdown$$0000000C)
    .ARM.Collect$$libshutdown$$0000000F      0x00000142   Section        0  libshutdown2.o(.ARM.Collect$$libshutdown$$0000000F)
    .ARM.Collect$$libshutdown$$00000010      0x00000142   Section        2  libshutdown2.o(.ARM.Collect$$libshutdown$$00000010)
    .ARM.Collect$$rtentry$$00000000          0x00000144   Section        0  __rtentry.o(.ARM.Collect$$rtentry$$00000000)
    .ARM.Collect$$rtentry$$00000002          0x00000144   Section        0  __rtentry2.o(.ARM.Collect$$rtentry$$00000002)
    .ARM.Collect$$rtentry$$00000004          0x00000144   Section        6  __rtentry4.o(.ARM.Collect$$rtentry$$00000004)
    .ARM.Collect$$rtentry$$00000009          0x0000014a   Section        0  __rtentry2.o(.ARM.Collect$$rtentry$$00000009)
    .ARM.Collect$$rtentry$$0000000A          0x0000014a   Section        4  __rtentry2.o(.ARM.Collect$$rtentry$$0000000A)
    .ARM.Collect$$rtentry$$0000000C          0x0000014e   Section        0  __rtentry2.o(.ARM.Collect$$rtentry$$0000000C)
    .ARM.Collect$$rtentry$$0000000D          0x0000014e   Section        8  __rtentry2.o(.ARM.Collect$$rtentry$$0000000D)
    .ARM.Collect$$rtexit$$00000000           0x00000156   Section        2  rtexit.o(.ARM.Collect$$rtexit$$00000000)
    .ARM.Collect$$rtexit$$00000002           0x00000158   Section        0  rtexit2.o(.ARM.Collect$$rtexit$$00000002)
    .ARM.Collect$$rtexit$$00000003           0x00000158   Section        4  rtexit2.o(.ARM.Collect$$rtexit$$00000003)
    .ARM.Collect$$rtexit$$00000004           0x0000015c   Section        6  rtexit2.o(.ARM.Collect$$rtexit$$00000004)
    .text                                    0x00000164   Section       60  startup_cms32f030x.o(.text)
    .text                                    0x000001a0   Section        2  use_no_semi.o(.text)
    .text                                    0x000001a2   Section      346  aeabi_sdiv.o(.text)
    .text                                    0x000002fc   Section        0  heapauxi.o(.text)
    .text                                    0x00000302   Section       62  sys_stackheap_outer.o(.text)
    .text                                    0x00000340   Section        0  exit.o(.text)
    .text                                    0x00000350   Section        8  libspace.o(.text)
    i.Delay                                  0x00000358   Section        0  main.o(i.Delay)
    i.GPIO2_IRQHandler                       0x00000378   Section        0  cms32f030x_it.o(i.GPIO2_IRQHandler)
    i.GPIO_GetITSource                       0x000003ec   Section        0  cms32f030x_gpio.o(i.GPIO_GetITSource)
    i.GPIO_ITClear                           0x00000400   Section        0  cms32f030x_gpio.o(i.GPIO_ITClear)
    i.GPIO_ITCmd                             0x00000404   Section        0  cms32f030x_gpio.o(i.GPIO_ITCmd)
    i.GPIO_ITConfig                          0x00000418   Section        0  cms32f030x_gpio.o(i.GPIO_ITConfig)
    i.GPIO_Init                              0x00000456   Section        0  cms32f030x_gpio.o(i.GPIO_Init)
    i.GPIO_ReadInputDataBit                  0x000004c6   Section        0  cms32f030x_gpio.o(i.GPIO_ReadInputDataBit)
    i.GPIO_SetBits                           0x000004da   Section        0  cms32f030x_gpio.o(i.GPIO_SetBits)
    i.GPIO_StructInit                        0x000004de   Section        0  cms32f030x_gpio.o(i.GPIO_StructInit)
    i.HardFault_Handler                      0x000004e8   Section        0  cms32f030x_it.o(i.HardFault_Handler)
    i.NMI_Handler                            0x000004ec   Section        0  cms32f030x_it.o(i.NMI_Handler)
    i.NVIC_ClearPendingIRQ                   0x000004f0   Section        0  hal_irq.o(i.NVIC_ClearPendingIRQ)
    NVIC_ClearPendingIRQ                     0x000004f1   Thumb Code    14  hal_irq.o(i.NVIC_ClearPendingIRQ)
    i.NVIC_EnableIRQ                         0x00000504   Section        0  hal_irq.o(i.NVIC_EnableIRQ)
    NVIC_EnableIRQ                           0x00000505   Thumb Code    14  hal_irq.o(i.NVIC_EnableIRQ)
    i.PendSV_Handler                         0x00000518   Section        0  cms32f030x_it.o(i.PendSV_Handler)
    i.SPI_Cmd                                0x0000051a   Section        0  cms32f030x_spi.o(i.SPI_Cmd)
    i.SPI_DeInit                             0x00000534   Section        0  cms32f030x_spi.o(i.SPI_DeInit)
    i.SPI_Init                               0x00000550   Section        0  cms32f030x_spi.o(i.SPI_Init)
    i.SPI_NSSInternalSoftwareConfig          0x00000568   Section        0  cms32f030x_spi.o(i.SPI_NSSInternalSoftwareConfig)
    i.SPI_SetClockFreq                       0x00000580   Section        0  cms32f030x_spi.o(i.SPI_SetClockFreq)
    i.SPI_StructInit                         0x00000600   Section        0  cms32f030x_spi.o(i.SPI_StructInit)
    i.SVC_Handler                            0x00000616   Section        0  cms32f030x_it.o(i.SVC_Handler)
    i.SYS_APBPeriphClockCmd                  0x00000618   Section        0  cms32f030x_syscon.o(i.SYS_APBPeriphClockCmd)
    i.SYS_HSIConfig                          0x0000063c   Section        0  cms32f030x_syscon.o(i.SYS_HSIConfig)
    i.SYS_IOPConfig                          0x00000690   Section        0  cms32f030x_syscon.o(i.SYS_IOPConfig)
    i.SystemCoreClockUpdate                  0x0000069c   Section        0  system_cms32f030x.o(i.SystemCoreClockUpdate)
    i.SystemInit                             0x00000860   Section        0  system_cms32f030x.o(i.SystemInit)
    i._sys_exit                              0x00000868   Section        0  retarget.o(i._sys_exit)
    i.ble_24g_fifo_irq_pin_init              0x0000086c   Section        0  hal_irq.o(i.ble_24g_fifo_irq_pin_init)
    i.ble_24g_pkt_irq_pin_init               0x000008bc   Section        0  hal_irq.o(i.ble_24g_pkt_irq_pin_init)
    i.ble_24g_spi_pin_init                   0x0000090c   Section        0  hal_spi.o(i.ble_24g_spi_pin_init)
    i.main                                   0x000009ac   Section        0  main.o(i.main)
    i.test_gpio                              0x000009fc   Section        0  main.o(i.test_gpio)
    .data                                    0x20000000   Section       12  system_cms32f030x.o(.data)
    .bss                                     0x2000000c   Section       96  libspace.o(.bss)
    HEAP                                     0x20000070   Section      256  startup_cms32f030x.o(HEAP)
    Heap_Mem                                 0x20000070   Data         256  startup_cms32f030x.o(HEAP)
    STACK                                    0x20000170   Section     2048  startup_cms32f030x.o(STACK)
    Stack_Mem                                0x20000170   Data        2048  startup_cms32f030x.o(STACK)
    __initial_sp                             0x20000970   Data           0  startup_cms32f030x.o(STACK)

    Global Symbols

    Symbol Name                              Value     Ov Type        Size  Object(Section)

    BuildAttributes$$THM_ISAv3M$S$PE$A:L22$X:L11$S22$IEEE1$IW$USESV6$~STKCKD$USESV7$~SHL$OSPACE$ROPI$EBA8$UX$STANDARDLIB$REQ8$PRES8$EABIv2 0x00000000   Number         0  anon$$obj.o ABSOLUTE
    __ARM_use_no_argv                        0x00000000   Number         0  main.o ABSOLUTE
    __Vectors                                0x00000000   Data           4  startup_cms32f030x.o(RESET)
    __ARM_exceptions_init                     - Undefined Weak Reference
    __alloca_initialize                       - Undefined Weak Reference
    __arm_preinit_                            - Undefined Weak Reference
    __cpp_initialize__aeabi_                  - Undefined Weak Reference
    __cxa_finalize                            - Undefined Weak Reference
    __rt_locale                               - Undefined Weak Reference
    __sigvec_lookup                           - Undefined Weak Reference
    _atexit_init                              - Undefined Weak Reference
    _call_atexit_fns                          - Undefined Weak Reference
    _clock_init                               - Undefined Weak Reference
    _fp_trap_init                             - Undefined Weak Reference
    _fp_trap_shutdown                         - Undefined Weak Reference
    _get_lc_collate                           - Undefined Weak Reference
    _get_lc_ctype                             - Undefined Weak Reference
    _get_lc_monetary                          - Undefined Weak Reference
    _get_lc_numeric                           - Undefined Weak Reference
    _get_lc_time                              - Undefined Weak Reference
    _getenv_init                              - Undefined Weak Reference
    _handle_redirection                       - Undefined Weak Reference
    _init_alloc                               - Undefined Weak Reference
    _init_user_alloc                          - Undefined Weak Reference
    _initio                                   - Undefined Weak Reference
    _rand_init                                - Undefined Weak Reference
    _signal_finish                            - Undefined Weak Reference
    _signal_init                              - Undefined Weak Reference
    _terminate_alloc                          - Undefined Weak Reference
    _terminate_user_alloc                     - Undefined Weak Reference
    _terminateio                              - Undefined Weak Reference
    __main                                   0x000000c1   Thumb Code     8  __main.o(!!!main)
    __scatterload                            0x000000c9   Thumb Code     0  __scatter.o(!!!scatter)
    __scatterload_rt2                        0x000000c9   Thumb Code    52  __scatter.o(!!!scatter)
    __scatterload_rt2_thumb_only             0x000000c9   Thumb Code     0  __scatter.o(!!!scatter)
    __scatterload_null                       0x000000d9   Thumb Code     0  __scatter.o(!!!scatter)
    __scatterload_copy                       0x00000105   Thumb Code    26  __scatter_copy.o(!!handler_copy)
    __scatterload_zeroinit                   0x00000121   Thumb Code    28  __scatter_zi.o(!!handler_zi)
    __rt_lib_init                            0x0000013d   Thumb Code     0  libinit.o(.ARM.Collect$$libinit$$00000000)
    __rt_lib_init_alloca_1                   0x0000013f   Thumb Code     0  libinit2.o(.ARM.Collect$$libinit$$0000002E)
    __rt_lib_init_argv_1                     0x0000013f   Thumb Code     0  libinit2.o(.ARM.Collect$$libinit$$0000002C)
    __rt_lib_init_atexit_1                   0x0000013f   Thumb Code     0  libinit2.o(.ARM.Collect$$libinit$$0000001B)
    __rt_lib_init_clock_1                    0x0000013f   Thumb Code     0  libinit2.o(.ARM.Collect$$libinit$$00000021)
    __rt_lib_init_cpp_1                      0x0000013f   Thumb Code     0  libinit2.o(.ARM.Collect$$libinit$$00000032)
    __rt_lib_init_exceptions_1               0x0000013f   Thumb Code     0  libinit2.o(.ARM.Collect$$libinit$$00000030)
    __rt_lib_init_fp_1                       0x0000013f   Thumb Code     0  libinit2.o(.ARM.Collect$$libinit$$00000002)
    __rt_lib_init_fp_trap_1                  0x0000013f   Thumb Code     0  libinit2.o(.ARM.Collect$$libinit$$0000001F)
    __rt_lib_init_getenv_1                   0x0000013f   Thumb Code     0  libinit2.o(.ARM.Collect$$libinit$$00000023)
    __rt_lib_init_heap_1                     0x0000013f   Thumb Code     0  libinit2.o(.ARM.Collect$$libinit$$0000000A)
    __rt_lib_init_lc_collate_1               0x0000013f   Thumb Code     0  libinit2.o(.ARM.Collect$$libinit$$00000011)
    __rt_lib_init_lc_ctype_1                 0x0000013f   Thumb Code     0  libinit2.o(.ARM.Collect$$libinit$$00000013)
    __rt_lib_init_lc_monetary_1              0x0000013f   Thumb Code     0  libinit2.o(.ARM.Collect$$libinit$$00000015)
    __rt_lib_init_lc_numeric_1               0x0000013f   Thumb Code     0  libinit2.o(.ARM.Collect$$libinit$$00000017)
    __rt_lib_init_lc_time_1                  0x0000013f   Thumb Code     0  libinit2.o(.ARM.Collect$$libinit$$00000019)
    __rt_lib_init_preinit_1                  0x0000013f   Thumb Code     0  libinit2.o(.ARM.Collect$$libinit$$00000004)
    __rt_lib_init_rand_1                     0x0000013f   Thumb Code     0  libinit2.o(.ARM.Collect$$libinit$$0000000E)
    __rt_lib_init_return                     0x0000013f   Thumb Code     0  libinit2.o(.ARM.Collect$$libinit$$00000033)
    __rt_lib_init_signal_1                   0x0000013f   Thumb Code     0  libinit2.o(.ARM.Collect$$libinit$$0000001D)
    __rt_lib_init_stdio_1                    0x0000013f   Thumb Code     0  libinit2.o(.ARM.Collect$$libinit$$00000025)
    __rt_lib_init_user_alloc_1               0x0000013f   Thumb Code     0  libinit2.o(.ARM.Collect$$libinit$$0000000C)
    __rt_lib_shutdown                        0x00000141   Thumb Code     0  libshutdown.o(.ARM.Collect$$libshutdown$$00000000)
    __rt_lib_shutdown_cpp_1                  0x00000143   Thumb Code     0  libshutdown2.o(.ARM.Collect$$libshutdown$$00000002)
    __rt_lib_shutdown_fp_trap_1              0x00000143   Thumb Code     0  libshutdown2.o(.ARM.Collect$$libshutdown$$00000007)
    __rt_lib_shutdown_heap_1                 0x00000143   Thumb Code     0  libshutdown2.o(.ARM.Collect$$libshutdown$$0000000F)
    __rt_lib_shutdown_return                 0x00000143   Thumb Code     0  libshutdown2.o(.ARM.Collect$$libshutdown$$00000010)
    __rt_lib_shutdown_signal_1               0x00000143   Thumb Code     0  libshutdown2.o(.ARM.Collect$$libshutdown$$0000000A)
    __rt_lib_shutdown_stdio_1                0x00000143   Thumb Code     0  libshutdown2.o(.ARM.Collect$$libshutdown$$00000004)
    __rt_lib_shutdown_user_alloc_1           0x00000143   Thumb Code     0  libshutdown2.o(.ARM.Collect$$libshutdown$$0000000C)
    __rt_entry                               0x00000145   Thumb Code     0  __rtentry.o(.ARM.Collect$$rtentry$$00000000)
    __rt_entry_presh_1                       0x00000145   Thumb Code     0  __rtentry2.o(.ARM.Collect$$rtentry$$00000002)
    __rt_entry_sh                            0x00000145   Thumb Code     0  __rtentry4.o(.ARM.Collect$$rtentry$$00000004)
    __rt_entry_li                            0x0000014b   Thumb Code     0  __rtentry2.o(.ARM.Collect$$rtentry$$0000000A)
    __rt_entry_postsh_1                      0x0000014b   Thumb Code     0  __rtentry2.o(.ARM.Collect$$rtentry$$00000009)
    __rt_entry_main                          0x0000014f   Thumb Code     0  __rtentry2.o(.ARM.Collect$$rtentry$$0000000D)
    __rt_entry_postli_1                      0x0000014f   Thumb Code     0  __rtentry2.o(.ARM.Collect$$rtentry$$0000000C)
    __rt_exit                                0x00000157   Thumb Code     0  rtexit.o(.ARM.Collect$$rtexit$$00000000)
    __rt_exit_ls                             0x00000159   Thumb Code     0  rtexit2.o(.ARM.Collect$$rtexit$$00000003)
    __rt_exit_prels_1                        0x00000159   Thumb Code     0  rtexit2.o(.ARM.Collect$$rtexit$$00000002)
    __rt_exit_exit                           0x0000015d   Thumb Code     0  rtexit2.o(.ARM.Collect$$rtexit$$00000004)
    Reset_Handler                            0x00000165   Thumb Code     8  startup_cms32f030x.o(.text)
    SysTick_Handler                          0x00000175   Thumb Code     2  startup_cms32f030x.o(.text)
    Reserved_IRQHandler                      0x00000177   Thumb Code     2  startup_cms32f030x.o(.text)
    ADC_IRQHandler                           0x00000179   Thumb Code     0  startup_cms32f030x.o(.text)
    CP_IRQHandler                            0x00000179   Thumb Code     0  startup_cms32f030x.o(.text)
    EPWM_IRQHandler                          0x00000179   Thumb Code     0  startup_cms32f030x.o(.text)
    GPIO0_IRQHandler                         0x00000179   Thumb Code     0  startup_cms32f030x.o(.text)
    GPIO1_IRQHandler                         0x00000179   Thumb Code     0  startup_cms32f030x.o(.text)
    GPIO3_IRQHandler                         0x00000179   Thumb Code     0  startup_cms32f030x.o(.text)
    GPIO4_IRQHandler                         0x00000179   Thumb Code     0  startup_cms32f030x.o(.text)
    I2C0_IRQHandler                          0x00000179   Thumb Code     0  startup_cms32f030x.o(.text)
    SSP0_IRQHandler                          0x00000179   Thumb Code     0  startup_cms32f030x.o(.text)
    SYS_CLK_ERR_IRQHandler                   0x00000179   Thumb Code     0  startup_cms32f030x.o(.text)
    TIMER0_IRQHandler                        0x00000179   Thumb Code     0  startup_cms32f030x.o(.text)
    TIMER1_IRQHandler                        0x00000179   Thumb Code     0  startup_cms32f030x.o(.text)
    UART0_IRQHandler                         0x00000179   Thumb Code     0  startup_cms32f030x.o(.text)
    UART1_IRQHandler                         0x00000179   Thumb Code     0  startup_cms32f030x.o(.text)
    WDT_IRQHandler                           0x00000179   Thumb Code     0  startup_cms32f030x.o(.text)
    WWDT_IRQHandler                          0x00000179   Thumb Code     0  startup_cms32f030x.o(.text)
    __user_initial_stackheap                 0x0000017d   Thumb Code     0  startup_cms32f030x.o(.text)
    __I$use$semihosting                      0x000001a1   Thumb Code     0  use_no_semi.o(.text)
    __use_no_semihosting_swi                 0x000001a1   Thumb Code     2  use_no_semi.o(.text)
    __aeabi_uidiv                            0x000001a3   Thumb Code     0  aeabi_sdiv.o(.text)
    __aeabi_uidivmod                         0x000001a3   Thumb Code    20  aeabi_sdiv.o(.text)
    __aeabi_idiv                             0x000001b7   Thumb Code     0  aeabi_sdiv.o(.text)
    __aeabi_idivmod                          0x000001b7   Thumb Code   326  aeabi_sdiv.o(.text)
    __use_two_region_memory                  0x000002fd   Thumb Code     2  heapauxi.o(.text)
    __rt_heap_escrow$2region                 0x000002ff   Thumb Code     2  heapauxi.o(.text)
    __rt_heap_expand$2region                 0x00000301   Thumb Code     2  heapauxi.o(.text)
    __user_setup_stackheap                   0x00000303   Thumb Code    62  sys_stackheap_outer.o(.text)
    exit                                     0x00000341   Thumb Code    16  exit.o(.text)
    __user_libspace                          0x00000351   Thumb Code     8  libspace.o(.text)
    __user_perproc_libspace                  0x00000351   Thumb Code     0  libspace.o(.text)
    __user_perthread_libspace                0x00000351   Thumb Code     0  libspace.o(.text)
    Delay                                    0x00000359   Thumb Code    30  main.o(i.Delay)
    GPIO2_IRQHandler                         0x00000379   Thumb Code   112  cms32f030x_it.o(i.GPIO2_IRQHandler)
    GPIO_GetITSource                         0x000003ed   Thumb Code    20  cms32f030x_gpio.o(i.GPIO_GetITSource)
    GPIO_ITClear                             0x00000401   Thumb Code     4  cms32f030x_gpio.o(i.GPIO_ITClear)
    GPIO_ITCmd                               0x00000405   Thumb Code    20  cms32f030x_gpio.o(i.GPIO_ITCmd)
    GPIO_ITConfig                            0x00000419   Thumb Code    62  cms32f030x_gpio.o(i.GPIO_ITConfig)
    GPIO_Init                                0x00000457   Thumb Code   112  cms32f030x_gpio.o(i.GPIO_Init)
    GPIO_ReadInputDataBit                    0x000004c7   Thumb Code    20  cms32f030x_gpio.o(i.GPIO_ReadInputDataBit)
    GPIO_SetBits                             0x000004db   Thumb Code     4  cms32f030x_gpio.o(i.GPIO_SetBits)
    GPIO_StructInit                          0x000004df   Thumb Code    10  cms32f030x_gpio.o(i.GPIO_StructInit)
    HardFault_Handler                        0x000004e9   Thumb Code     4  cms32f030x_it.o(i.HardFault_Handler)
    NMI_Handler                              0x000004ed   Thumb Code     2  cms32f030x_it.o(i.NMI_Handler)
    PendSV_Handler                           0x00000519   Thumb Code     2  cms32f030x_it.o(i.PendSV_Handler)
    SPI_Cmd                                  0x0000051b   Thumb Code    26  cms32f030x_spi.o(i.SPI_Cmd)
    SPI_DeInit                               0x00000535   Thumb Code    28  cms32f030x_spi.o(i.SPI_DeInit)
    SPI_Init                                 0x00000551   Thumb Code    24  cms32f030x_spi.o(i.SPI_Init)
    SPI_NSSInternalSoftwareConfig            0x00000569   Thumb Code    24  cms32f030x_spi.o(i.SPI_NSSInternalSoftwareConfig)
    SPI_SetClockFreq                         0x00000581   Thumb Code   124  cms32f030x_spi.o(i.SPI_SetClockFreq)
    SPI_StructInit                           0x00000601   Thumb Code    22  cms32f030x_spi.o(i.SPI_StructInit)
    SVC_Handler                              0x00000617   Thumb Code     2  cms32f030x_it.o(i.SVC_Handler)
    SYS_APBPeriphClockCmd                    0x00000619   Thumb Code    36  cms32f030x_syscon.o(i.SYS_APBPeriphClockCmd)
    SYS_HSIConfig                            0x0000063d   Thumb Code    78  cms32f030x_syscon.o(i.SYS_HSIConfig)
    SYS_IOPConfig                            0x00000691   Thumb Code    12  cms32f030x_syscon.o(i.SYS_IOPConfig)
    SystemCoreClockUpdate                    0x0000069d   Thumb Code   418  system_cms32f030x.o(i.SystemCoreClockUpdate)
    SystemInit                               0x00000861   Thumb Code     8  system_cms32f030x.o(i.SystemInit)
    _sys_exit                                0x00000869   Thumb Code     4  retarget.o(i._sys_exit)
    ble_24g_fifo_irq_pin_init                0x0000086d   Thumb Code    80  hal_irq.o(i.ble_24g_fifo_irq_pin_init)
    ble_24g_pkt_irq_pin_init                 0x000008bd   Thumb Code    80  hal_irq.o(i.ble_24g_pkt_irq_pin_init)
    ble_24g_spi_pin_init                     0x0000090d   Thumb Code   156  hal_spi.o(i.ble_24g_spi_pin_init)
    main                                     0x000009ad   Thumb Code    76  main.o(i.main)
    test_gpio                                0x000009fd   Thumb Code    56  main.o(i.test_gpio)
    Region$$Table$$Base                      0x00000a34   Number         0  anon$$obj.o(Region$$Table)
    Region$$Table$$Limit                     0x00000a54   Number         0  anon$$obj.o(Region$$Table)
    SystemCoreClock                          0x20000000   Data           4  system_cms32f030x.o(.data)
    SystemAPBClock                           0x20000004   Data           4  system_cms32f030x.o(.data)
    CyclesPerUs                              0x20000008   Data           4  system_cms32f030x.o(.data)
    __libspace_start                         0x2000000c   Data          96  libspace.o(.bss)
    __temporary_stack_top$libspace           0x2000006c   Data           0  libspace.o(.bss)



==============================================================================

Memory Map of the image

  Image Entry point : 0x00000165

  Load Region LR_1 (Base: 0x00000000, Size: 0x00000a60, Max: 0xffffffff, ABSOLUTE)

    Execution Region ER_RO (Exec base: 0x00000000, Load base: 0x00000000, Size: 0x00000a54, Max: 0xffffffff, ABSOLUTE)

    Exec Addr    Load Addr    Size         Type   Attr      Idx    E Section Name        Object

    0x00000000   0x00000000   0x000000c0   Data   RO            3    RESET               startup_cms32f030x.o
    0x000000c0   0x000000c0   0x00000008   Code   RO         1536  * !!!main             c_p.l(__main.o)
    0x000000c8   0x000000c8   0x0000003c   Code   RO         1699    !!!scatter          c_p.l(__scatter.o)
    0x00000104   0x00000104   0x0000001a   Code   RO         1701    !!handler_copy      c_p.l(__scatter_copy.o)
    0x0000011e   0x0000011e   0x00000002   PAD
    0x00000120   0x00000120   0x0000001c   Code   RO         1703    !!handler_zi        c_p.l(__scatter_zi.o)
    0x0000013c   0x0000013c   0x00000002   Code   RO         1574    .ARM.Collect$$libinit$$00000000  c_p.l(libinit.o)
    0x0000013e   0x0000013e   0x00000000   Code   RO         1588    .ARM.Collect$$libinit$$00000002  c_p.l(libinit2.o)
    0x0000013e   0x0000013e   0x00000000   Code   RO         1590    .ARM.Collect$$libinit$$00000004  c_p.l(libinit2.o)
    0x0000013e   0x0000013e   0x00000000   Code   RO         1593    .ARM.Collect$$libinit$$0000000A  c_p.l(libinit2.o)
    0x0000013e   0x0000013e   0x00000000   Code   RO         1595    .ARM.Collect$$libinit$$0000000C  c_p.l(libinit2.o)
    0x0000013e   0x0000013e   0x00000000   Code   RO         1597    .ARM.Collect$$libinit$$0000000E  c_p.l(libinit2.o)
    0x0000013e   0x0000013e   0x00000000   Code   RO         1600    .ARM.Collect$$libinit$$00000011  c_p.l(libinit2.o)
    0x0000013e   0x0000013e   0x00000000   Code   RO         1602    .ARM.Collect$$libinit$$00000013  c_p.l(libinit2.o)
    0x0000013e   0x0000013e   0x00000000   Code   RO         1604    .ARM.Collect$$libinit$$00000015  c_p.l(libinit2.o)
    0x0000013e   0x0000013e   0x00000000   Code   RO         1606    .ARM.Collect$$libinit$$00000017  c_p.l(libinit2.o)
    0x0000013e   0x0000013e   0x00000000   Code   RO         1608    .ARM.Collect$$libinit$$00000019  c_p.l(libinit2.o)
    0x0000013e   0x0000013e   0x00000000   Code   RO         1610    .ARM.Collect$$libinit$$0000001B  c_p.l(libinit2.o)
    0x0000013e   0x0000013e   0x00000000   Code   RO         1612    .ARM.Collect$$libinit$$0000001D  c_p.l(libinit2.o)
    0x0000013e   0x0000013e   0x00000000   Code   RO         1614    .ARM.Collect$$libinit$$0000001F  c_p.l(libinit2.o)
    0x0000013e   0x0000013e   0x00000000   Code   RO         1616    .ARM.Collect$$libinit$$00000021  c_p.l(libinit2.o)
    0x0000013e   0x0000013e   0x00000000   Code   RO         1618    .ARM.Collect$$libinit$$00000023  c_p.l(libinit2.o)
    0x0000013e   0x0000013e   0x00000000   Code   RO         1620    .ARM.Collect$$libinit$$00000025  c_p.l(libinit2.o)
    0x0000013e   0x0000013e   0x00000000   Code   RO         1624    .ARM.Collect$$libinit$$0000002C  c_p.l(libinit2.o)
    0x0000013e   0x0000013e   0x00000000   Code   RO         1626    .ARM.Collect$$libinit$$0000002E  c_p.l(libinit2.o)
    0x0000013e   0x0000013e   0x00000000   Code   RO         1628    .ARM.Collect$$libinit$$00000030  c_p.l(libinit2.o)
    0x0000013e   0x0000013e   0x00000000   Code   RO         1630    .ARM.Collect$$libinit$$00000032  c_p.l(libinit2.o)
    0x0000013e   0x0000013e   0x00000002   Code   RO         1631    .ARM.Collect$$libinit$$00000033  c_p.l(libinit2.o)
    0x00000140   0x00000140   0x00000002   Code   RO         1655    .ARM.Collect$$libshutdown$$00000000  c_p.l(libshutdown.o)
    0x00000142   0x00000142   0x00000000   Code   RO         1681    .ARM.Collect$$libshutdown$$00000002  c_p.l(libshutdown2.o)
    0x00000142   0x00000142   0x00000000   Code   RO         1683    .ARM.Collect$$libshutdown$$00000004  c_p.l(libshutdown2.o)
    0x00000142   0x00000142   0x00000000   Code   RO         1686    .ARM.Collect$$libshutdown$$00000007  c_p.l(libshutdown2.o)
    0x00000142   0x00000142   0x00000000   Code   RO         1689    .ARM.Collect$$libshutdown$$0000000A  c_p.l(libshutdown2.o)
    0x00000142   0x00000142   0x00000000   Code   RO         1691    .ARM.Collect$$libshutdown$$0000000C  c_p.l(libshutdown2.o)
    0x00000142   0x00000142   0x00000000   Code   RO         1694    .ARM.Collect$$libshutdown$$0000000F  c_p.l(libshutdown2.o)
    0x00000142   0x00000142   0x00000002   Code   RO         1695    .ARM.Collect$$libshutdown$$00000010  c_p.l(libshutdown2.o)
    0x00000144   0x00000144   0x00000000   Code   RO         1538    .ARM.Collect$$rtentry$$00000000  c_p.l(__rtentry.o)
    0x00000144   0x00000144   0x00000000   Code   RO         1544    .ARM.Collect$$rtentry$$00000002  c_p.l(__rtentry2.o)
    0x00000144   0x00000144   0x00000006   Code   RO         1556    .ARM.Collect$$rtentry$$00000004  c_p.l(__rtentry4.o)
    0x0000014a   0x0000014a   0x00000000   Code   RO         1546    .ARM.Collect$$rtentry$$00000009  c_p.l(__rtentry2.o)
    0x0000014a   0x0000014a   0x00000004   Code   RO         1547    .ARM.Collect$$rtentry$$0000000A  c_p.l(__rtentry2.o)
    0x0000014e   0x0000014e   0x00000000   Code   RO         1549    .ARM.Collect$$rtentry$$0000000C  c_p.l(__rtentry2.o)
    0x0000014e   0x0000014e   0x00000008   Code   RO         1550    .ARM.Collect$$rtentry$$0000000D  c_p.l(__rtentry2.o)
    0x00000156   0x00000156   0x00000002   Code   RO         1579    .ARM.Collect$$rtexit$$00000000  c_p.l(rtexit.o)
    0x00000158   0x00000158   0x00000000   Code   RO         1633    .ARM.Collect$$rtexit$$00000002  c_p.l(rtexit2.o)
    0x00000158   0x00000158   0x00000004   Code   RO         1634    .ARM.Collect$$rtexit$$00000003  c_p.l(rtexit2.o)
    0x0000015c   0x0000015c   0x00000006   Code   RO         1635    .ARM.Collect$$rtexit$$00000004  c_p.l(rtexit2.o)
    0x00000162   0x00000162   0x00000002   PAD
    0x00000164   0x00000164   0x0000003c   Code   RO            4  * .text               startup_cms32f030x.o
    0x000001a0   0x000001a0   0x00000002   Code   RO         1528    .text               c_p.l(use_no_semi.o)
    0x000001a2   0x000001a2   0x0000015a   Code   RO         1530    .text               c_p.l(aeabi_sdiv.o)
    0x000002fc   0x000002fc   0x00000006   Code   RO         1534    .text               c_p.l(heapauxi.o)
    0x00000302   0x00000302   0x0000003e   Code   RO         1560    .text               c_p.l(sys_stackheap_outer.o)
    0x00000340   0x00000340   0x00000010   Code   RO         1563    .text               c_p.l(exit.o)
    0x00000350   0x00000350   0x00000008   Code   RO         1575    .text               c_p.l(libspace.o)
    0x00000358   0x00000358   0x0000001e   Code   RO         1297    i.Delay             main.o
    0x00000376   0x00000376   0x00000002   PAD
    0x00000378   0x00000378   0x00000074   Code   RO         1345    i.GPIO2_IRQHandler  cms32f030x_it.o
    0x000003ec   0x000003ec   0x00000014   Code   RO          353    i.GPIO_GetITSource  cms32f030x_gpio.o
    0x00000400   0x00000400   0x00000004   Code   RO          354    i.GPIO_ITClear      cms32f030x_gpio.o
    0x00000404   0x00000404   0x00000014   Code   RO          355    i.GPIO_ITCmd        cms32f030x_gpio.o
    0x00000418   0x00000418   0x0000003e   Code   RO          356    i.GPIO_ITConfig     cms32f030x_gpio.o
    0x00000456   0x00000456   0x00000070   Code   RO          357    i.GPIO_Init         cms32f030x_gpio.o
    0x000004c6   0x000004c6   0x00000014   Code   RO          360    i.GPIO_ReadInputDataBit  cms32f030x_gpio.o
    0x000004da   0x000004da   0x00000004   Code   RO          364    i.GPIO_SetBits      cms32f030x_gpio.o
    0x000004de   0x000004de   0x0000000a   Code   RO          365    i.GPIO_StructInit   cms32f030x_gpio.o
    0x000004e8   0x000004e8   0x00000004   Code   RO         1346    i.HardFault_Handler  cms32f030x_it.o
    0x000004ec   0x000004ec   0x00000002   Code   RO         1347    i.NMI_Handler       cms32f030x_it.o
    0x000004ee   0x000004ee   0x00000002   PAD
    0x000004f0   0x000004f0   0x00000014   Code   RO         1395    i.NVIC_ClearPendingIRQ  hal_irq.o
    0x00000504   0x00000504   0x00000014   Code   RO         1396    i.NVIC_EnableIRQ    hal_irq.o
    0x00000518   0x00000518   0x00000002   Code   RO         1348    i.PendSV_Handler    cms32f030x_it.o
    0x0000051a   0x0000051a   0x0000001a   Code   RO          707    i.SPI_Cmd           cms32f030x_spi.o
    0x00000534   0x00000534   0x0000001c   Code   RO          709    i.SPI_DeInit        cms32f030x_spi.o
    0x00000550   0x00000550   0x00000018   Code   RO          713    i.SPI_Init          cms32f030x_spi.o
    0x00000568   0x00000568   0x00000018   Code   RO          714    i.SPI_NSSInternalSoftwareConfig  cms32f030x_spi.o
    0x00000580   0x00000580   0x00000080   Code   RO          718    i.SPI_SetClockFreq  cms32f030x_spi.o
    0x00000600   0x00000600   0x00000016   Code   RO          719    i.SPI_StructInit    cms32f030x_spi.o
    0x00000616   0x00000616   0x00000002   Code   RO         1349    i.SVC_Handler       cms32f030x_it.o
    0x00000618   0x00000618   0x00000024   Code   RO          806    i.SYS_APBPeriphClockCmd  cms32f030x_syscon.o
    0x0000063c   0x0000063c   0x00000054   Code   RO          820    i.SYS_HSIConfig     cms32f030x_syscon.o
    0x00000690   0x00000690   0x0000000c   Code   RO          821    i.SYS_IOPConfig     cms32f030x_syscon.o
    0x0000069c   0x0000069c   0x000001c4   Code   RO           12    i.SystemCoreClockUpdate  system_cms32f030x.o
    0x00000860   0x00000860   0x00000008   Code   RO           13    i.SystemInit        system_cms32f030x.o
    0x00000868   0x00000868   0x00000004   Code   RO         1246    i._sys_exit         retarget.o
    0x0000086c   0x0000086c   0x00000050   Code   RO         1397    i.ble_24g_fifo_irq_pin_init  hal_irq.o
    0x000008bc   0x000008bc   0x00000050   Code   RO         1398    i.ble_24g_pkt_irq_pin_init  hal_irq.o
    0x0000090c   0x0000090c   0x000000a0   Code   RO         1443    i.ble_24g_spi_pin_init  hal_spi.o
    0x000009ac   0x000009ac   0x00000050   Code   RO         1298    i.main              main.o
    0x000009fc   0x000009fc   0x00000038   Code   RO         1299    i.test_gpio         main.o
    0x00000a34   0x00000a34   0x00000020   Data   RO         1697    Region$$Table       anon$$obj.o


    Execution Region ER_RW (Exec base: 0x20000000, Load base: 0x00000a54, Size: 0x0000000c, Max: 0xffffffff, ABSOLUTE)

    Exec Addr    Load Addr    Size         Type   Attr      Idx    E Section Name        Object

    0x20000000   0x00000a54   0x0000000c   Data   RW           14    .data               system_cms32f030x.o


    Execution Region ER_ZI (Exec base: 0x2000000c, Load base: 0x00000a60, Size: 0x00000964, Max: 0xffffffff, ABSOLUTE)

    Exec Addr    Load Addr    Size         Type   Attr      Idx    E Section Name        Object

    0x2000000c        -       0x00000060   Zero   RW         1576    .bss                c_p.l(libspace.o)
    0x2000006c   0x00000a60   0x00000004   PAD
    0x20000070        -       0x00000100   Zero   RW            2    HEAP                startup_cms32f030x.o
    0x20000170        -       0x00000800   Zero   RW            1    STACK               startup_cms32f030x.o


==============================================================================

Image component sizes


      Code (inc. data)   RO Data    RW Data    ZI Data      Debug   Object Name

         0          0          0          0          0      14228   cms32f030x_adc.o
       252          0          0          0          0       5416   cms32f030x_gpio.o
       126          4          0          0          0       8276   cms32f030x_it.o
       252          4          0          0          0       4106   cms32f030x_spi.o
       132          6          0          0          0       1948   cms32f030x_syscon.o
       200         12          0          0          0       7927   hal_irq.o
       160          4          0          0          0        671   hal_spi.o
       166          4          0          0          0       1555   main.o
         4          0          0          0          0        504   retarget.o
        60         28        192          0       2304        800   startup_cms32f030x.o
       460         34          0         12          0      12074   system_cms32f030x.o

    ----------------------------------------------------------------------
      1816         96        224         12       2304      57505   Object Totals
         0          0         32          0          0          0   (incl. Generated)
         4          0          0          0          0          0   (incl. Padding)

    ----------------------------------------------------------------------

      Code (inc. data)   RO Data    RW Data    ZI Data      Debug   Library Member Name

         8          0          0          0          0         68   __main.o
         0          0          0          0          0          0   __rtentry.o
        12          0          0          0          0          0   __rtentry2.o
         6          0          0          0          0          0   __rtentry4.o
        60          8          0          0          0          0   __scatter.o
        26          0          0          0          0          0   __scatter_copy.o
        28          0          0          0          0          0   __scatter_zi.o
       346          0          0          0          0         92   aeabi_sdiv.o
        16          0          0          0          0         68   exit.o
         6          0          0          0          0        136   heapauxi.o
         2          0          0          0          0          0   libinit.o
         2          0          0          0          0          0   libinit2.o
         2          0          0          0          0          0   libshutdown.o
         2          0          0          0          0          0   libshutdown2.o
         8          4          0          0         96         68   libspace.o
         2          0          0          0          0          0   rtexit.o
        10          0          0          0          0          0   rtexit2.o
        62          0          0          0          0         80   sys_stackheap_outer.o
         2          0          0          0          0         68   use_no_semi.o

    ----------------------------------------------------------------------
       604         12          0          0        100        580   Library Totals
         4          0          0          0          4          0   (incl. Padding)

    ----------------------------------------------------------------------

      Code (inc. data)   RO Data    RW Data    ZI Data      Debug   Library Name

       600         12          0          0         96        580   c_p.l

    ----------------------------------------------------------------------
       604         12          0          0        100        580   Library Totals

    ----------------------------------------------------------------------

==============================================================================


      Code (inc. data)   RO Data    RW Data    ZI Data      Debug   

      2420        108        224         12       2404      56709   Grand Totals
      2420        108        224         12       2404      56709   ELF Image Totals
      2420        108        224         12          0          0   ROM Totals

==============================================================================

    Total RO  Size (Code + RO Data)                 2644 (   2.58kB)
    Total RW  Size (RW Data + ZI Data)              2416 (   2.36kB)
    Total ROM Size (Code + RO Data + RW Data)       2656 (   2.59kB)

==============================================================================

