<html>
<body>
<pre>
<h1>µVision Build Log</h1>
<h2>Tool Versions:</h2>
IDE-Version: ¦ÌVision V5.24.2.86
Copyright (C) 2017 ARM Ltd and ARM Germany GmbH. All rights reserved.
License Information: Je US, MS, LIC=W96DY-I3XBM-MSTYP-MF4WU-EIBFD-W55KU
 
Tool Versions:
Toolchain:       MDK-ARM Professional  Version: 5.20
Toolchain Path:  d:\Keil_v5\ARM\ARMCC\Bin
C Compiler:      Armcc.exe V5.06 update 2 (build 183)
Assembler:       Armasm.exe V5.06 update 2 (build 183)
Linker/Locator:  ArmLink.exe V5.06 update 2 (build 183)
Library Manager: ArmAr.exe V5.06 update 2 (build 183)
Hex Converter:   FromElf.exe V5.06 update 2 (build 183)
CPU DLL:         SARMCM3.DLL V5.20
Dialog DLL:      DARMCM1.DLL V1.14.0.0
Target DLL:      Segger\JL2CM3.dll V2.99.20.0
Dialog DLL:      TARMCM1.DLL V1.10.0.0
 
<h2>Project:</h2>
E:\CMS_Project\WL_BLE\CMS_WL_BLE_Stack_V0.1\CMS_WL_BLE_Stack_V0.1\Projects\CMS32F030xx_StdPeriph_Templates\MDK-ARM\CMS32F030_LIB.uvprojx
Project File Date:  07/13/2018

<h2>Output:</h2>
*** Using Compiler 'V5.06 update 2 (build 183)', folder: 'd:\Keil_v5\ARM\ARMCC\Bin'
Build target 'Jeff'
compiling main.c...
..\src\main.c(135): warning:  #128-D: loop is not reachable
  	while(1);
..\src\main.c: 1 warning, 0 errors
compiling hal_spi.c...
linking...
Program Size: Code=2420 RO-data=224 RW-data=12 ZI-data=2404  
".\Objects\CMS32F030_LIB.axf" - 0 Error(s), 1 Warning(s).

<h2>Software Packages used:</h2>

Package Vendor: Keil
                http://www.keil.com/pack/Keil.CMS32F030x.1.0.5.pack
                Keil.CMS32F030x.1.0.5
                CMS CMS32F0 Series Device Support, Drivers and Examples

<h2>Collection of Component include folders:</h2>
  .\RTE\_Jeff
  d:\Keil_v5\ARM\PACK\Keil\CMS32F030x\1.0.5\Device\Include

<h2>Collection of Component Files used:</h2>
Build Time Elapsed:  00:00:01
</pre>
</body>
</html>
